Archive member included to satisfy reference by file (symbol)

c:/st/stm32cubeide_1.8.0/stm32cubeide/plugins/com.st.stm32cube.ide.mcu.externaltools.gnu-tools-for-stm32.9-2020-q2-update.win32_2.0.0.202105311346/tools/bin/../lib/gcc/arm-none-eabi/9.3.1/../../../../arm-none-eabi/lib/thumb/v6-m/nofp\libc_nano.a(lib_a-atoi.o)
                              ./Core/Src/shell.o (atoi)
c:/st/stm32cubeide_1.8.0/stm32cubeide/plugins/com.st.stm32cube.ide.mcu.externaltools.gnu-tools-for-stm32.9-2020-q2-update.win32_2.0.0.202105311346/tools/bin/../lib/gcc/arm-none-eabi/9.3.1/../../../../arm-none-eabi/lib/thumb/v6-m/nofp\libc_nano.a(lib_a-errno.o)
                              ./Core/Src/syscalls.o (__errno)
c:/st/stm32cubeide_1.8.0/stm32cubeide/plugins/com.st.stm32cube.ide.mcu.externaltools.gnu-tools-for-stm32.9-2020-q2-update.win32_2.0.0.202105311346/tools/bin/../lib/gcc/arm-none-eabi/9.3.1/../../../../arm-none-eabi/lib/thumb/v6-m/nofp\libc_nano.a(lib_a-exit.o)
                              c:/st/stm32cubeide_1.8.0/stm32cubeide/plugins/com.st.stm32cube.ide.mcu.externaltools.gnu-tools-for-stm32.9-2020-q2-update.win32_2.0.0.202105311346/tools/bin/../lib/gcc/arm-none-eabi/9.3.1/../../../../arm-none-eabi/lib/thumb/v6-m/nofp/crt0.o (exit)
c:/st/stm32cubeide_1.8.0/stm32cubeide/plugins/com.st.stm32cube.ide.mcu.externaltools.gnu-tools-for-stm32.9-2020-q2-update.win32_2.0.0.202105311346/tools/bin/../lib/gcc/arm-none-eabi/9.3.1/../../../../arm-none-eabi/lib/thumb/v6-m/nofp\libc_nano.a(lib_a-impure.o)
                              c:/st/stm32cubeide_1.8.0/stm32cubeide/plugins/com.st.stm32cube.ide.mcu.externaltools.gnu-tools-for-stm32.9-2020-q2-update.win32_2.0.0.202105311346/tools/bin/../lib/gcc/arm-none-eabi/9.3.1/../../../../arm-none-eabi/lib/thumb/v6-m/nofp\libc_nano.a(lib_a-exit.o) (_global_impure_ptr)
c:/st/stm32cubeide_1.8.0/stm32cubeide/plugins/com.st.stm32cube.ide.mcu.externaltools.gnu-tools-for-stm32.9-2020-q2-update.win32_2.0.0.202105311346/tools/bin/../lib/gcc/arm-none-eabi/9.3.1/../../../../arm-none-eabi/lib/thumb/v6-m/nofp\libc_nano.a(lib_a-init.o)
                              c:/st/stm32cubeide_1.8.0/stm32cubeide/plugins/com.st.stm32cube.ide.mcu.externaltools.gnu-tools-for-stm32.9-2020-q2-update.win32_2.0.0.202105311346/tools/bin/../lib/gcc/arm-none-eabi/9.3.1/../../../../arm-none-eabi/lib/thumb/v6-m/nofp/crt0.o (__libc_init_array)
c:/st/stm32cubeide_1.8.0/stm32cubeide/plugins/com.st.stm32cube.ide.mcu.externaltools.gnu-tools-for-stm32.9-2020-q2-update.win32_2.0.0.202105311346/tools/bin/../lib/gcc/arm-none-eabi/9.3.1/../../../../arm-none-eabi/lib/thumb/v6-m/nofp\libc_nano.a(lib_a-memset.o)
                              c:/st/stm32cubeide_1.8.0/stm32cubeide/plugins/com.st.stm32cube.ide.mcu.externaltools.gnu-tools-for-stm32.9-2020-q2-update.win32_2.0.0.202105311346/tools/bin/../lib/gcc/arm-none-eabi/9.3.1/../../../../arm-none-eabi/lib/thumb/v6-m/nofp/crt0.o (memset)
c:/st/stm32cubeide_1.8.0/stm32cubeide/plugins/com.st.stm32cube.ide.mcu.externaltools.gnu-tools-for-stm32.9-2020-q2-update.win32_2.0.0.202105311346/tools/bin/../lib/gcc/arm-none-eabi/9.3.1/../../../../arm-none-eabi/lib/thumb/v6-m/nofp\libc_nano.a(lib_a-snprintf.o)
                              ./Core/Src/shell.o (snprintf)
c:/st/stm32cubeide_1.8.0/stm32cubeide/plugins/com.st.stm32cube.ide.mcu.externaltools.gnu-tools-for-stm32.9-2020-q2-update.win32_2.0.0.202105311346/tools/bin/../lib/gcc/arm-none-eabi/9.3.1/../../../../arm-none-eabi/lib/thumb/v6-m/nofp\libc_nano.a(lib_a-strtol.o)
                              c:/st/stm32cubeide_1.8.0/stm32cubeide/plugins/com.st.stm32cube.ide.mcu.externaltools.gnu-tools-for-stm32.9-2020-q2-update.win32_2.0.0.202105311346/tools/bin/../lib/gcc/arm-none-eabi/9.3.1/../../../../arm-none-eabi/lib/thumb/v6-m/nofp\libc_nano.a(lib_a-atoi.o) (_strtol_r)
c:/st/stm32cubeide_1.8.0/stm32cubeide/plugins/com.st.stm32cube.ide.mcu.externaltools.gnu-tools-for-stm32.9-2020-q2-update.win32_2.0.0.202105311346/tools/bin/../lib/gcc/arm-none-eabi/9.3.1/../../../../arm-none-eabi/lib/thumb/v6-m/nofp\libc_nano.a(lib_a-ctype_.o)
                              c:/st/stm32cubeide_1.8.0/stm32cubeide/plugins/com.st.stm32cube.ide.mcu.externaltools.gnu-tools-for-stm32.9-2020-q2-update.win32_2.0.0.202105311346/tools/bin/../lib/gcc/arm-none-eabi/9.3.1/../../../../arm-none-eabi/lib/thumb/v6-m/nofp\libc_nano.a(lib_a-strtol.o) (_ctype_)
c:/st/stm32cubeide_1.8.0/stm32cubeide/plugins/com.st.stm32cube.ide.mcu.externaltools.gnu-tools-for-stm32.9-2020-q2-update.win32_2.0.0.202105311346/tools/bin/../lib/gcc/arm-none-eabi/9.3.1/../../../../arm-none-eabi/lib/thumb/v6-m/nofp\libc_nano.a(lib_a-nano-svfprintf.o)
                              c:/st/stm32cubeide_1.8.0/stm32cubeide/plugins/com.st.stm32cube.ide.mcu.externaltools.gnu-tools-for-stm32.9-2020-q2-update.win32_2.0.0.202105311346/tools/bin/../lib/gcc/arm-none-eabi/9.3.1/../../../../arm-none-eabi/lib/thumb/v6-m/nofp\libc_nano.a(lib_a-snprintf.o) (_svfprintf_r)
[...]
Memory Configuration

Name             Origin             Length             Attributes
RAM              0x0000000020000000 0x0000000000000800 xrw
FLASH            0x0000000008000000 0x0000000000004000 xr
*default*        0x0000000000000000 0xffffffffffffffff

Linker script and memory map

LOAD c:/st/stm32cubeide_1.8.0/stm32cubeide/plugins/com.st.stm32cube.ide.mcu.externaltools.gnu-tools-for-stm32.9-2020-q2-update.win32_2.0.0.202105311346/tools/bin/../lib/gcc/arm-none-eabi/9.3.1/thumb/v6-m/nofp/crti.o
LOAD c:/st/stm32cubeide_1.8.0/stm32cubeide/plugins/com.st.stm32cube.ide.mcu.externaltools.gnu-tools-for-stm32.9-2020-q2-update.win32_2.0.0.202105311346/tools/bin/../lib/gcc/arm-none-eabi/9.3.1/thumb/v6-m/nofp/crtbegin.o
LOAD c:/st/stm32cubeide_1.8.0/stm32cubeide/plugins/com.st.stm32cube.ide.mcu.externaltools.gnu-tools-for-stm32.9-2020-q2-update.win32_2.0.0.202105311346/tools/bin/../lib/gcc/arm-none-eabi/9.3.1/../../../../arm-none-eabi/lib/thumb/v6-m/nofp/crt0.o
LOAD ./Core/Src/AnalogIn.o
LOAD ./Core/Src/AnalogOut.o
LOAD ./Core/Src/RCFilter.o
LOAD ./Core/Src/led.o
LOAD ./Core/Src/main.o
LOAD ./Core/Src/serial.o
LOAD ./Core/Src/shell.o
LOAD ./Core/Src/stm32l0xx_it.o
LOAD ./Core/Src/syscalls.o
LOAD ./Core/Src/sysmem.o
LOAD ./Core/Src/system_stm32l0xx.o
LOAD ./Core/Src/timebase.o
LOAD ./Core/Startup/startup_stm32l021k4tx.o
LOAD ./Drivers/STM32L0xx_HAL_Driver/Src/stm32l0xx_ll_adc.o
LOAD ./Drivers/STM32L0xx_HAL_Driver/Src/stm32l0xx_ll_dma.o
LOAD ./Drivers/STM32L0xx_HAL_Driver/Src/stm32l0xx_ll_exti.o
LOAD ./Drivers/STM32L0xx_HAL_Driver/Src/stm32l0xx_ll_gpio.o
LOAD ./Drivers/STM32L0xx_HAL_Driver/Src/stm32l0xx_ll_pwr.o
LOAD ./Drivers/STM32L0xx_HAL_Driver/Src/stm32l0xx_ll_rcc.o
LOAD ./Drivers/STM32L0xx_HAL_Driver/Src/stm32l0xx_ll_spi.o
LOAD ./Drivers/STM32L0xx_HAL_Driver/Src/stm32l0xx_ll_tim.o
LOAD ./Drivers/STM32L0xx_HAL_Driver/Src/stm32l0xx_ll_usart.o
LOAD ./Drivers/STM32L0xx_HAL_Driver/Src/stm32l0xx_ll_utils.o
START GROUP
LOAD c:/st/stm32cubeide_1.8.0/stm32cubeide/plugins/com.st.stm32cube.ide.mcu.externaltools.gnu-tools-for-stm32.9-2020-q2-update.win32_2.0.0.202105311346/tools/bin/../lib/gcc/arm-none-eabi/9.3.1/../../../../arm-none-eabi/lib/thumb/v6-m/nofp\libc_nano.a
LOAD c:/st/stm32cubeide_1.8.0/stm32cubeide/plugins/com.st.stm32cube.ide.mcu.externaltools.gnu-tools-for-stm32.9-2020-q2-update.win32_2.0.0.202105311346/tools/bin/../lib/gcc/arm-none-eabi/9.3.1/../../../../arm-none-eabi/lib/thumb/v6-m/nofp\libm.a
END GROUP
START GROUP
LOAD c:/st/stm32cubeide_1.8.0/stm32cubeide/plugins/com.st.stm32cube.ide.mcu.externaltools.gnu-tools-for-stm32.9-2020-q2-update.win32_2.0.0.202105311346/tools/bin/../lib/gcc/arm-none-eabi/9.3.1/thumb/v6-m/nofp\libgcc.a
LOAD c:/st/stm32cubeide_1.8.0/stm32cubeide/plugins/com.st.stm32cube.ide.mcu.externaltools.gnu-tools-for-stm32.9-2020-q2-update.win32_2.0.0.202105311346/tools/bin/../lib/gcc/arm-none-eabi/9.3.1/../../../../arm-none-eabi/lib/thumb/v6-m/nofp\libc_nano.a
END GROUP
START GROUP
LOAD c:/st/stm32cubeide_1.8.0/stm32cubeide/plugins/com.st.stm32cube.ide.mcu.externaltools.gnu-tools-for-stm32.9-2020-q2-update.win32_2.0.0.202105311346/tools/bin/../lib/gcc/arm-none-eabi/9.3.1/thumb/v6-m/nofp\libgcc.a
LOAD c:/st/stm32cubeide_1.8.0/stm32cubeide/plugins/com.st.stm32cube.ide.mcu.externaltools.gnu-tools-for-stm32.9-2020-q2-update.win32_2.0.0.202105311346/tools/bin/../lib/gcc/arm-none-eabi/9.3.1/../../../../arm-none-eabi/lib/thumb/v6-m/nofp\libc_nano.a
LOAD c:/st/stm32cubeide_1.8.0/stm32cubeide/plugins/com.st.stm32cube.ide.mcu.externaltools.gnu-tools-for-stm32.9-2020-q2-update.win32_2.0.0.202105311346/tools/bin/../lib/gcc/arm-none-eabi/9.3.1/../../../../arm-none-eabi/lib/thumb/v6-m/nofp\libnosys.a
END GROUP
START GROUP
LOAD c:/st/stm32cubeide_1.8.0/stm32cubeide/plugins/com.st.stm32cube.ide.mcu.externaltools.gnu-tools-for-stm32.9-2020-q2-update.win32_2.0.0.202105311346/tools/bin/../lib/gcc/arm-none-eabi/9.3.1/thumb/v6-m/nofp\libgcc.a
LOAD c:/st/stm32cubeide_1.8.0/stm32cubeide/plugins/com.st.stm32cube.ide.mcu.externaltools.gnu-tools-for-stm32.9-2020-q2-update.win32_2.0.0.202105311346/tools/bin/../lib/gcc/arm-none-eabi/9.3.1/../../../../arm-none-eabi/lib/thumb/v6-m/nofp\libc_nano.a
LOAD c:/st/stm32cubeide_1.8.0/stm32cubeide/plugins/com.st.stm32cube.ide.mcu.externaltools.gnu-tools-for-stm32.9-2020-q2-update.win32_2.0.0.202105311346/tools/bin/../lib/gcc/arm-none-eabi/9.3.1/../../../../arm-none-eabi/lib/thumb/v6-m/nofp\libnosys.a
END GROUP
LOAD c:/st/stm32cubeide_1.8.0/stm32cubeide/plugins/com.st.stm32cube.ide.mcu.externaltools.gnu-tools-for-stm32.9-2020-q2-update.win32_2.0.0.202105311346/tools/bin/../lib/gcc/arm-none-eabi/9.3.1/thumb/v6-m/nofp/crtend.o
LOAD c:/st/stm32cubeide_1.8.0/stm32cubeide/plugins/com.st.stm32cube.ide.mcu.externaltools.gnu-tools-for-stm32.9-2020-q2-update.win32_2.0.0.202105311346/tools/bin/../lib/gcc/arm-none-eabi/9.3.1/thumb/v6-m/nofp/crtn.o
                0x0000000020000800                _estack = (ORIGIN (RAM) + LENGTH (RAM))
                0x0000000000000000                _Min_Heap_Size = 0x0
                0x0000000000000200                _Min_Stack_Size = 0x200

.isr_vector     0x0000000008000000       0xc0
                0x0000000008000000                . = ALIGN (0x4)
 *(.isr_vector)
 .isr_vector    0x0000000008000000       0xc0 ./Core/Startup/startup_stm32l021k4tx.o
                0x0000000008000000                g_pfnVectors
                0x00000000080000c0                . = ALIGN (0x4)

.text           0x00000000080000c0     0x3854
                0x00000000080000c0                . = ALIGN (0x4)
 *(.text)
 .text          0x00000000080000c0       0x48 c:/st/stm32cubeide_1.8.0/stm32cubeide/plugins/com.st.stm32cube.ide.mcu.externaltools.gnu-tools-for-stm32.9-2020-q2-update.win32_2.0.0.202105311346/tools/bin/../lib/gcc/arm-none-eabi/9.3.1/thumb/v6-m/nofp/crtbegin.o
 .text          0x0000000008000108       0x14 c:/st/stm32cubeide_1.8.0/stm32cubeide/plugins/com.st.stm32cube.ide.mcu.externaltools.gnu-tools-for-stm32.9-2020-q2-update.win32_2.0.0.202105311346/tools/bin/../lib/gcc/arm-none-eabi/9.3.1/thumb/v6-m/nofp\libgcc.a(_thumb1_case_shi.o)
                0x0000000008000108                __gnu_thumb1_case_shi
 .text          0x000000000800011c      0x114 c:/st/stm32cubeide_1.8.0/stm32cubeide/plugins/com.st.stm32cube.ide.mcu.externaltools.gnu-tools-for-stm32.9-2020-q2-update.win32_2.0.0.202105311346/tools/bin/../lib/gcc/arm-none-eabi/9.3.1/thumb/v6-m/nofp\libgcc.a(_udivsi3.o)
                0x000000000800011c                __aeabi_uidiv
                0x000000000800011c                __udivsi3
                0x0000000008000228                __aeabi_uidivmod
 .text          0x0000000008000230        0x4 c:/st/stm32cubeide_1.8.0/stm32cubeide/plugins/com.st.stm32cube.ide.mcu.externaltools.gnu-tools-for-stm32.9-2020-q2-update.win32_2.0.0.202105311346/tools/bin/../lib/gcc/arm-none-eabi/9.3.1/thumb/v6-m/nofp\libgcc.a(_dvmd_tls.o)
                0x0000000008000230                __aeabi_idiv0
                0x0000000008000230                __aeabi_ldiv0
 *(.text*)
 .text.LL_ADC_Enable
                0x0000000008000234       0x24 ./Core/Src/AnalogIn.o
 .text.LL_ADC_REG_StartConversion
                0x0000000008000258       0x24 ./Core/Src/AnalogIn.o
 .text.LL_ADC_REG_ReadConversionData8
                0x000000000800027c       0x16 ./Core/Src/AnalogIn.o
 .text.LL_ADC_IsActiveFlag_EOC
                0x0000000008000292       0x20 ./Core/Src/AnalogIn.o
 *fill*         0x00000000080002b2        0x2 
 .text.AnalogInInit
                0x00000000080002b4       0x18 ./Core/Src/AnalogIn.o
                0x00000000080002b4                AnalogInInit
 .text.AnalogInStartConversion
                0x00000000080002cc       0x28 ./Core/Src/AnalogIn.o
                0x00000000080002cc                AnalogInStartConversion
 .text.AnalogInGetValue
                0x00000000080002f4       0x18 ./Core/Src/AnalogIn.o
                0x00000000080002f4                AnalogInGetValue
 .text.LL_SPI_Enable
                0x000000000800030c       0x1c ./Core/Src/AnalogOut.o
 .text.LL_SPI_IsActiveFlag_TXE
                0x0000000008000328       0x22 ./Core/Src/AnalogOut.o
 .text.LL_SPI_TransmitData16
                0x000000000800034a       0x24 ./Core/Src/AnalogOut.o
 .text.LL_GPIO_SetOutputPin
                0x000000000800036e       0x18 ./Core/Src/AnalogOut.o
 .text.LL_GPIO_ResetOutputPin
                0x0000000008000386       0x18 ./Core/Src/AnalogOut.o
 *fill*         0x000000000800039e        0x2 
 .text.AnalogOutInit
                0x00000000080003a0       0x30 ./Core/Src/AnalogOut.o
                0x00000000080003a0                AnalogOutInit
 .text.AnalogOutConvert
                0x00000000080003d0       0x98 ./Core/Src/AnalogOut.o
                0x00000000080003d0                AnalogOutConvert
 .text.LL_TIM_EnableCounter
                0x0000000008000468       0x1c ./Core/Src/led.o
 .text.LL_TIM_CC_EnableChannel
                0x0000000008000484       0x1e ./Core/Src/led.o
 .text.LL_TIM_OC_SetCompareCH1
                0x00000000080004a2       0x18 ./Core/Src/led.o
 .text.LedStart
                0x00000000080004ba       0x20 ./Core/Src/led.o
                0x00000000080004ba                LedStart
 .text.LedSetValue
                0x00000000080004da       0x24 ./Core/Src/led.o
                0x00000000080004da                LedSetValue
 *fill*         0x00000000080004fe        0x2 
 .text.LedPulse
                0x0000000008000500       0x58 ./Core/Src/led.o
                0x0000000008000500                LedPulse
 .text.__NVIC_EnableIRQ
                0x0000000008000558       0x34 ./Core/Src/main.o
 .text.__NVIC_SetPriority
                0x000000000800058c       0xdc ./Core/Src/main.o
 .text.LL_ADC_SetCommonFrequencyMode
                0x0000000008000668       0x28 ./Core/Src/main.o
 .text.LL_ADC_SetSamplingTimeCommonChannels
                0x0000000008000690       0x24 ./Core/Src/main.o
 .text.LL_ADC_REG_SetSequencerScanDirection
                0x00000000080006b4       0x24 ./Core/Src/main.o
 .text.LL_ADC_REG_SetSequencerChAdd
                0x00000000080006d8       0x22 ./Core/Src/main.o
 .text.LL_ADC_SetOverSamplingScope
                0x00000000080006fa       0x24 ./Core/Src/main.o
 *fill*         0x000000000800071e        0x2 
 .text.LL_ADC_EnableInternalRegulator
                0x0000000008000720       0x28 ./Core/Src/main.o
 .text.LL_ADC_DisableIT_EOC
                0x0000000008000748       0x1e ./Core/Src/main.o
 .text.LL_ADC_DisableIT_EOS
                0x0000000008000766       0x1e ./Core/Src/main.o
 .text.LL_RCC_HSI_Enable
                0x0000000008000784       0x1c ./Core/Src/main.o
 .text.LL_RCC_HSI_IsReady
                0x00000000080007a0       0x20 ./Core/Src/main.o
 .text.LL_RCC_HSI_SetCalibTrimming
                0x00000000080007c0       0x2c ./Core/Src/main.o
 .text.LL_RCC_SetSysClkSource
                0x00000000080007ec       0x28 ./Core/Src/main.o
 .text.LL_RCC_GetSysClkSource
                0x0000000008000814       0x18 ./Core/Src/main.o
 .text.LL_RCC_SetAHBPrescaler
                0x000000000800082c       0x28 ./Core/Src/main.o
 .text.LL_RCC_SetAPB1Prescaler
                0x0000000008000854       0x2c ./Core/Src/main.o
 .text.LL_RCC_SetAPB2Prescaler
                0x0000000008000880       0x2c ./Core/Src/main.o
 .text.LL_RCC_SetUSARTClockSource
                0x00000000080008ac       0x30 ./Core/Src/main.o
 .text.LL_RCC_PLL_Enable
                0x00000000080008dc       0x1c ./Core/Src/main.o
 .text.LL_RCC_PLL_IsReady
                0x00000000080008f8       0x28 ./Core/Src/main.o
 .text.LL_RCC_PLL_ConfigDomain_SYS
                0x0000000008000920       0x38 ./Core/Src/main.o
 .text.LL_APB1_GRP1_EnableClock
                0x0000000008000958       0x2c ./Core/Src/main.o
 .text.LL_APB2_GRP1_EnableClock
                0x0000000008000984       0x2c ./Core/Src/main.o
 .text.LL_IOP_GRP1_EnableClock
                0x00000000080009b0       0x2c ./Core/Src/main.o
 .text.LL_FLASH_SetLatency
                0x00000000080009dc       0x28 ./Core/Src/main.o
 .text.LL_FLASH_GetLatency
                0x0000000008000a04       0x18 ./Core/Src/main.o
 .text.LL_PWR_SetRegulVoltageScaling
                0x0000000008000a1c       0x2c ./Core/Src/main.o
 .text.LL_SPI_SetStandard
                0x0000000008000a48       0x24 ./Core/Src/main.o
 .text.LL_TIM_EnableARRPreload
                0x0000000008000a6c       0x1c ./Core/Src/main.o
 .text.LL_TIM_DisableARRPreload
                0x0000000008000a88       0x1e ./Core/Src/main.o
 *fill*         0x0000000008000aa6        0x2 
 .text.LL_TIM_OC_DisableFast
                0x0000000008000aa8       0x70 ./Core/Src/main.o
 .text.LL_TIM_OC_EnablePreload
                0x0000000008000b18       0x70 ./Core/Src/main.o
 .text.LL_TIM_OC_DisablePreload
                0x0000000008000b88       0x70 ./Core/Src/main.o
 .text.LL_TIM_SetClockSource
                0x0000000008000bf8       0x28 ./Core/Src/main.o
 .text.LL_TIM_SetTriggerOutput
                0x0000000008000c20       0x24 ./Core/Src/main.o
 .text.LL_TIM_DisableMasterSlaveMode
                0x0000000008000c44       0x1e ./Core/Src/main.o
 .text.LL_USART_Enable
                0x0000000008000c62       0x1c ./Core/Src/main.o
 *fill*         0x0000000008000c7e        0x2 
 .text.LL_USART_ConfigAsyncMode
                0x0000000008000c80       0x30 ./Core/Src/main.o
 .text.LL_USART_EnableIT_RXNE
                0x0000000008000cb0       0x3e ./Core/Src/main.o
 .text.LL_GPIO_ResetOutputPin
                0x0000000008000cee       0x18 ./Core/Src/main.o
 *fill*         0x0000000008000d06        0x2 
 .text.main     0x0000000008000d08       0xa8 ./Core/Src/main.o
                0x0000000008000d08                main
 .text.SystemClock_Config
                0x0000000008000db0       0xa0 ./Core/Src/main.o
                0x0000000008000db0                SystemClock_Config
 .text.MX_ADC_Init
                0x0000000008000e50      0x160 ./Core/Src/main.o
 .text.MX_SPI1_Init
                0x0000000008000fb0      0x100 ./Core/Src/main.o
 .text.MX_TIM2_Init
                0x00000000080010b0      0x11a ./Core/Src/main.o
 *fill*         0x00000000080011ca        0x2 
 .text.MX_TIM21_Init
                0x00000000080011cc       0x80 ./Core/Src/main.o
 .text.MX_USART2_UART_Init
                0x000000000800124c       0xfc ./Core/Src/main.o
 .text.MX_GPIO_Init
                0x0000000008001348       0x92 ./Core/Src/main.o
 .text.LL_USART_IsActiveFlag_RXNE
                0x00000000080013da       0x22 ./Core/Src/serial.o
 .text.LL_USART_IsActiveFlag_TXE
                0x00000000080013fc       0x22 ./Core/Src/serial.o
 .text.LL_USART_ReceiveData8
                0x000000000800141e       0x16 ./Core/Src/serial.o
 .text.LL_USART_TransmitData8
                0x0000000008001434       0x1e ./Core/Src/serial.o
 *fill*         0x0000000008001452        0x2 
 .text.SerialTransmit
                0x0000000008001454       0x68 ./Core/Src/serial.o
                0x0000000008001454                SerialTransmit
 .text.SerialReceiveByte
                0x00000000080014bc       0x28 ./Core/Src/serial.o
                0x00000000080014bc                SerialReceiveByte
 .text.shHelp   0x00000000080014e4       0xc0 ./Core/Src/shell.o
                0x00000000080014e4                shHelp
 .text.shHello  0x00000000080015a4       0x50 ./Core/Src/shell.o
                0x00000000080015a4                shHello
 .text.shRead   0x00000000080015f4      0x170 ./Core/Src/shell.o
                0x00000000080015f4                shRead
 .text.shWriteFilter
                0x0000000008001764       0xcc ./Core/Src/shell.o
                0x0000000008001764                shWriteFilter
 .text.shReadFilter
                0x0000000008001830       0xe0 ./Core/Src/shell.o
                0x0000000008001830                shReadFilter
 .text.isChar   0x0000000008001910       0x5a ./Core/Src/shell.o
                0x0000000008001910                isChar
 .text.isSpace  0x000000000800196a       0x22 ./Core/Src/shell.o
                0x000000000800196a                isSpace
 .text.ShellInit
                0x000000000800198c      0x15c ./Core/Src/shell.o
                0x000000000800198c                ShellInit
 .text.ShellAdd
                0x0000000008001ae8       0x94 ./Core/Src/shell.o
                0x0000000008001ae8                ShellAdd
 .text.ShellExec
                0x0000000008001b7c      0x1d4 ./Core/Src/shell.o
                0x0000000008001b7c                ShellExec
 .text.ShellProcess
                0x0000000008001d50      0x1ec ./Core/Src/shell.o
                0x0000000008001d50                ShellProcess
 .text.LL_TIM_ClearFlag_UPDATE
                0x0000000008001f3c       0x18 ./Core/Src/stm32l0xx_it.o
 .text.NMI_Handler
                0x0000000008001f54        0x6 ./Core/Src/stm32l0xx_it.o
                0x0000000008001f54                NMI_Handler
 .text.HardFault_Handler
                0x0000000008001f5a        0x6 ./Core/Src/stm32l0xx_it.o
                0x0000000008001f5a                HardFault_Handler
 .text.SVC_Handler
                0x0000000008001f60        0xa ./Core/Src/stm32l0xx_it.o
                0x0000000008001f60                SVC_Handler
 .text.PendSV_Handler
                0x0000000008001f6a        0xa ./Core/Src/stm32l0xx_it.o
                0x0000000008001f6a                PendSV_Handler
 .text.SysTick_Handler
                0x0000000008001f74        0xa ./Core/Src/stm32l0xx_it.o
                0x0000000008001f74                SysTick_Handler
 .text.ADC1_COMP_IRQHandler
                0x0000000008001f7e        0xa ./Core/Src/stm32l0xx_it.o
                0x0000000008001f7e                ADC1_COMP_IRQHandler
 .text.TIM21_IRQHandler
                0x0000000008001f88       0x2c ./Core/Src/stm32l0xx_it.o
                0x0000000008001f88                TIM21_IRQHandler
 .text.USART2_IRQHandler
                0x0000000008001fb4       0x2c ./Core/Src/stm32l0xx_it.o
                0x0000000008001fb4                USART2_IRQHandler
 .text._sbrk    0x0000000008001fe0       0x6c ./Core/Src/sysmem.o
                0x0000000008001fe0                _sbrk
 .text.SystemInit
                0x000000000800204c        0xa ./Core/Src/system_stm32l0xx.o
                0x000000000800204c                SystemInit
 .text.LL_TIM_EnableCounter
                0x0000000008002056       0x1c ./Core/Src/timebase.o
 .text.LL_TIM_EnableUpdateEvent
                0x0000000008002072       0x1e ./Core/Src/timebase.o
 .text.LL_TIM_EnableIT_UPDATE
                0x0000000008002090       0x1c ./Core/Src/timebase.o
 .text.TimeBaseStartIT
                0x00000000080020ac       0x28 ./Core/Src/timebase.o
                0x00000000080020ac                TimeBaseStartIT
 .text.Reset_Handler
                0x00000000080020d4       0x80 ./Core/Startup/startup_stm32l021k4tx.o
                0x00000000080020d4                Reset_Handler
 .text.Default_Handler
                0x0000000008002154        0x2 ./Core/Startup/startup_stm32l021k4tx.o
                0x0000000008002154                PVD_IRQHandler
                0x0000000008002154                I2C1_IRQHandler
                0x0000000008002154                SPI1_IRQHandler
                0x0000000008002154                EXTI2_3_IRQHandler
                0x0000000008002154                AES_LPUART1_IRQHandler
                0x0000000008002154                RTC_IRQHandler
                0x0000000008002154                EXTI4_15_IRQHandler
                0x0000000008002154                RCC_IRQHandler
                0x0000000008002154                DMA1_Channel1_IRQHandler
                0x0000000008002154                Default_Handler
                0x0000000008002154                DMA1_Channel4_5_IRQHandler
                0x0000000008002154                EXTI0_1_IRQHandler
                0x0000000008002154                WWDG_IRQHandler
                0x0000000008002154                TIM2_IRQHandler
                0x0000000008002154                DMA1_Channel2_3_IRQHandler
                0x0000000008002154                FLASH_IRQHandler
                0x0000000008002154                LPTIM1_IRQHandler
 .text.LL_ADC_IsEnabled
                0x0000000008002156       0x20 ./Drivers/STM32L0xx_HAL_Driver/Src/stm32l0xx_ll_adc.o
 *fill*         0x0000000008002176        0x2 
 .text.LL_ADC_Init
                0x0000000008002178       0x6c ./Drivers/STM32L0xx_HAL_Driver/Src/stm32l0xx_ll_adc.o
                0x0000000008002178                LL_ADC_Init
 .text.LL_ADC_REG_Init
                0x00000000080021e4       0x64 ./Drivers/STM32L0xx_HAL_Driver/Src/stm32l0xx_ll_adc.o
                0x00000000080021e4                LL_ADC_REG_Init
 .text.LL_GPIO_SetPinMode
                0x0000000008002248       0x38 ./Drivers/STM32L0xx_HAL_Driver/Src/stm32l0xx_ll_gpio.o
 .text.LL_GPIO_SetPinOutputType
                0x0000000008002280       0x2a ./Drivers/STM32L0xx_HAL_Driver/Src/stm32l0xx_ll_gpio.o
 .text.LL_GPIO_SetPinSpeed
                0x00000000080022aa       0x38 ./Drivers/STM32L0xx_HAL_Driver/Src/stm32l0xx_ll_gpio.o
 .text.LL_GPIO_SetPinPull
                0x00000000080022e2       0x38 ./Drivers/STM32L0xx_HAL_Driver/Src/stm32l0xx_ll_gpio.o
 .text.LL_GPIO_SetAFPin_0_7
                0x000000000800231a       0x46 ./Drivers/STM32L0xx_HAL_Driver/Src/stm32l0xx_ll_gpio.o
 .text.LL_GPIO_SetAFPin_8_15
                0x0000000008002360       0x5a ./Drivers/STM32L0xx_HAL_Driver/Src/stm32l0xx_ll_gpio.o
 .text.LL_GPIO_Init
                0x00000000080023ba       0xbc ./Drivers/STM32L0xx_HAL_Driver/Src/stm32l0xx_ll_gpio.o
                0x00000000080023ba                LL_GPIO_Init
 *fill*         0x0000000008002476        0x2 
 .text.LL_RCC_HSI_IsReady
                0x0000000008002478       0x20 ./Drivers/STM32L0xx_HAL_Driver/Src/stm32l0xx_ll_rcc.o
 .text.LL_RCC_LSE_IsReady
                0x0000000008002498       0x28 ./Drivers/STM32L0xx_HAL_Driver/Src/stm32l0xx_ll_rcc.o
 .text.LL_RCC_MSI_GetRange
                0x00000000080024c0       0x18 ./Drivers/STM32L0xx_HAL_Driver/Src/stm32l0xx_ll_rcc.o
 .text.LL_RCC_GetSysClkSource
                0x00000000080024d8       0x18 ./Drivers/STM32L0xx_HAL_Driver/Src/stm32l0xx_ll_rcc.o
 .text.LL_RCC_GetAHBPrescaler
                0x00000000080024f0       0x18 ./Drivers/STM32L0xx_HAL_Driver/Src/stm32l0xx_ll_rcc.o
 .text.LL_RCC_GetAPB1Prescaler
                0x0000000008002508       0x18 ./Drivers/STM32L0xx_HAL_Driver/Src/stm32l0xx_ll_rcc.o
 .text.LL_RCC_GetUSARTClockSource
                0x0000000008002520       0x24 ./Drivers/STM32L0xx_HAL_Driver/Src/stm32l0xx_ll_rcc.o
 .text.LL_RCC_PLL_GetMainSource
                0x0000000008002544       0x18 ./Drivers/STM32L0xx_HAL_Driver/Src/stm32l0xx_ll_rcc.o
 .text.LL_RCC_PLL_GetMultiplicator
                0x000000000800255c       0x18 ./Drivers/STM32L0xx_HAL_Driver/Src/stm32l0xx_ll_rcc.o
 .text.LL_RCC_PLL_GetDivider
                0x0000000008002574       0x18 ./Drivers/STM32L0xx_HAL_Driver/Src/stm32l0xx_ll_rcc.o
 .text.LL_RCC_IsActiveFlag_HSIDIV
                0x000000000800258c       0x20 ./Drivers/STM32L0xx_HAL_Driver/Src/stm32l0xx_ll_rcc.o
 .text.LL_RCC_GetUSARTClockFreq
                0x00000000080025ac       0xb0 ./Drivers/STM32L0xx_HAL_Driver/Src/stm32l0xx_ll_rcc.o
                0x00000000080025ac                LL_RCC_GetUSARTClockFreq
 .text.RCC_GetSystemClockFreq
                0x000000000800265c       0x88 ./Drivers/STM32L0xx_HAL_Driver/Src/stm32l0xx_ll_rcc.o
 .text.RCC_GetHCLKClockFreq
                0x00000000080026e4       0x2c ./Drivers/STM32L0xx_HAL_Driver/Src/stm32l0xx_ll_rcc.o
 .text.RCC_GetPCLK1ClockFreq
                0x0000000008002710       0x28 ./Drivers/STM32L0xx_HAL_Driver/Src/stm32l0xx_ll_rcc.o
 .text.RCC_PLL_GetFreqDomain_SYS
                0x0000000008002738       0x70 ./Drivers/STM32L0xx_HAL_Driver/Src/stm32l0xx_ll_rcc.o
 .text.LL_SPI_IsEnabled
                0x00000000080027a8       0x22 ./Drivers/STM32L0xx_HAL_Driver/Src/stm32l0xx_ll_spi.o
 .text.LL_SPI_SetCRCPolynomial
                0x00000000080027ca       0x1c ./Drivers/STM32L0xx_HAL_Driver/Src/stm32l0xx_ll_spi.o
 *fill*         0x00000000080027e6        0x2 
 .text.LL_SPI_Init
                0x00000000080027e8       0xac ./Drivers/STM32L0xx_HAL_Driver/Src/stm32l0xx_ll_spi.o
                0x00000000080027e8                LL_SPI_Init
 .text.LL_TIM_SetPrescaler
                0x0000000008002894       0x18 ./Drivers/STM32L0xx_HAL_Driver/Src/stm32l0xx_ll_tim.o
 .text.LL_TIM_SetAutoReload
                0x00000000080028ac       0x18 ./Drivers/STM32L0xx_HAL_Driver/Src/stm32l0xx_ll_tim.o
 .text.LL_TIM_OC_SetCompareCH1
                0x00000000080028c4       0x18 ./Drivers/STM32L0xx_HAL_Driver/Src/stm32l0xx_ll_tim.o
 .text.LL_TIM_OC_SetCompareCH2
                0x00000000080028dc       0x18 ./Drivers/STM32L0xx_HAL_Driver/Src/stm32l0xx_ll_tim.o
 .text.LL_TIM_OC_SetCompareCH3
                0x00000000080028f4       0x18 ./Drivers/STM32L0xx_HAL_Driver/Src/stm32l0xx_ll_tim.o
 .text.LL_TIM_OC_SetCompareCH4
                0x000000000800290c       0x18 ./Drivers/STM32L0xx_HAL_Driver/Src/stm32l0xx_ll_tim.o
 .text.LL_TIM_GenerateEvent_UPDATE
                0x0000000008002924       0x1c ./Drivers/STM32L0xx_HAL_Driver/Src/stm32l0xx_ll_tim.o
 .text.LL_TIM_Init
                0x0000000008002940       0x90 ./Drivers/STM32L0xx_HAL_Driver/Src/stm32l0xx_ll_tim.o
                0x0000000008002940                LL_TIM_Init
 .text.LL_TIM_OC_Init
                0x00000000080029d0       0xb2 ./Drivers/STM32L0xx_HAL_Driver/Src/stm32l0xx_ll_tim.o
                0x00000000080029d0                LL_TIM_OC_Init
 .text.OC1Config
                0x0000000008002a82       0x8c ./Drivers/STM32L0xx_HAL_Driver/Src/stm32l0xx_ll_tim.o
 *fill*         0x0000000008002b0e        0x2 
 .text.OC2Config
                0x0000000008002b10       0x98 ./Drivers/STM32L0xx_HAL_Driver/Src/stm32l0xx_ll_tim.o
 .text.OC3Config
                0x0000000008002ba8       0x94 ./Drivers/STM32L0xx_HAL_Driver/Src/stm32l0xx_ll_tim.o
 .text.OC4Config
                0x0000000008002c3c       0x9c ./Drivers/STM32L0xx_HAL_Driver/Src/stm32l0xx_ll_tim.o
 .text.LL_USART_IsEnabled
                0x0000000008002cd8       0x22 ./Drivers/STM32L0xx_HAL_Driver/Src/stm32l0xx_ll_usart.o
 *fill*         0x0000000008002cfa        0x2 
 .text.LL_USART_SetStopBitsLength
                0x0000000008002cfc       0x28 ./Drivers/STM32L0xx_HAL_Driver/Src/stm32l0xx_ll_usart.o
 .text.LL_USART_SetHWFlowCtrl
                0x0000000008002d24       0x28 ./Drivers/STM32L0xx_HAL_Driver/Src/stm32l0xx_ll_usart.o
 .text.LL_USART_SetBaudRate
                0x0000000008002d4c       0x78 ./Drivers/STM32L0xx_HAL_Driver/Src/stm32l0xx_ll_usart.o
 .text.LL_USART_Init
                0x0000000008002dc4       0xb0 ./Drivers/STM32L0xx_HAL_Driver/Src/stm32l0xx_ll_usart.o
                0x0000000008002dc4                LL_USART_Init
 .text.LL_InitTick
                0x0000000008002e74       0x34 ./Drivers/STM32L0xx_HAL_Driver/Src/stm32l0xx_ll_utils.o
 .text.LL_Init1msTick
                0x0000000008002ea8       0x1e ./Drivers/STM32L0xx_HAL_Driver/Src/stm32l0xx_ll_utils.o
                0x0000000008002ea8                LL_Init1msTick
 *fill*         0x0000000008002ec6        0x2 
 .text.LL_SetSystemCoreClock
                0x0000000008002ec8       0x1c ./Drivers/STM32L0xx_HAL_Driver/Src/stm32l0xx_ll_utils.o
                0x0000000008002ec8                LL_SetSystemCoreClock
 .text.atoi     0x0000000008002ee4        0xc c:/st/stm32cubeide_1.8.0/stm32cubeide/plugins/com.st.stm32cube.ide.mcu.externaltools.gnu-tools-for-stm32.9-2020-q2-update.win32_2.0.0.202105311346/tools/bin/../lib/gcc/arm-none-eabi/9.3.1/../../../../arm-none-eabi/lib/thumb/v6-m/nofp\libc_nano.a(lib_a-atoi.o)
                0x0000000008002ee4                atoi
 .text.__errno  0x0000000008002ef0        0xc c:/st/stm32cubeide_1.8.0/stm32cubeide/plugins/com.st.stm32cube.ide.mcu.externaltools.gnu-tools-for-stm32.9-2020-q2-update.win32_2.0.0.202105311346/tools/bin/../lib/gcc/arm-none-eabi/9.3.1/../../../../arm-none-eabi/lib/thumb/v6-m/nofp\libc_nano.a(lib_a-errno.o)
                0x0000000008002ef0                __errno
 .text.__libc_init_array
                0x0000000008002efc       0x48 c:/st/stm32cubeide_1.8.0/stm32cubeide/plugins/com.st.stm32cube.ide.mcu.externaltools.gnu-tools-for-stm32.9-2020-q2-update.win32_2.0.0.202105311346/tools/bin/../lib/gcc/arm-none-eabi/9.3.1/../../../../arm-none-eabi/lib/thumb/v6-m/nofp\libc_nano.a(lib_a-init.o)
                0x0000000008002efc                __libc_init_array
 .text.memset   0x0000000008002f44       0x10 c:/st/stm32cubeide_1.8.0/stm32cubeide/plugins/com.st.stm32cube.ide.mcu.externaltools.gnu-tools-for-stm32.9-2020-q2-update.win32_2.0.0.202105311346/tools/bin/../lib/gcc/arm-none-eabi/9.3.1/../../../../arm-none-eabi/lib/thumb/v6-m/nofp\libc_nano.a(lib_a-memset.o)
                0x0000000008002f44                memset
 .text.snprintf
                0x0000000008002f54       0x68 c:/st/stm32cubeide_1.8.0/stm32cubeide/plugins/com.st.stm32cube.ide.mcu.externaltools.gnu-tools-for-stm32.9-2020-q2-update.win32_2.0.0.202105311346/tools/bin/../lib/gcc/arm-none-eabi/9.3.1/../../../../arm-none-eabi/lib/thumb/v6-m/nofp\libc_nano.a(lib_a-snprintf.o)
                0x0000000008002f54                sniprintf
                0x0000000008002f54                snprintf
 .text._strtol_l.isra.0
                0x0000000008002fbc      0x11c c:/st/stm32cubeide_1.8.0/stm32cubeide/plugins/com.st.stm32cube.ide.mcu.externaltools.gnu-tools-for-stm32.9-2020-q2-update.win32_2.0.0.202105311346/tools/bin/../lib/gcc/arm-none-eabi/9.3.1/../../../../arm-none-eabi/lib/thumb/v6-m/nofp\libc_nano.a(lib_a-strtol.o)
 .text.strtol   0x00000000080030d8       0x18 c:/st/stm32cubeide_1.8.0/stm32cubeide/plugins/com.st.stm32cube.ide.mcu.externaltools.gnu-tools-for-stm32.9-2020-q2-update.win32_2.0.0.202105311346/tools/bin/../lib/gcc/arm-none-eabi/9.3.1/../../../../arm-none-eabi/lib/thumb/v6-m/nofp\libc_nano.a(lib_a-strtol.o)
                0x00000000080030d8                strtol
 .text.__ssputs_r
                0x00000000080030f0       0xc4 c:/st/stm32cubeide_1.8.0/stm32cubeide/plugins/com.st.stm32cube.ide.mcu.externaltools.gnu-tools-for-stm32.9-2020-q2-update.win32_2.0.0.202105311346/tools/bin/../lib/gcc/arm-none-eabi/9.3.1/../../../../arm-none-eabi/lib/thumb/v6-m/nofp\libc_nano.a(lib_a-nano-svfprintf.o)
                0x00000000080030f0                __ssputs_r
 .text._svfprintf_r
                0x00000000080031b4      0x200 c:/st/stm32cubeide_1.8.0/stm32cubeide/plugins/com.st.stm32cube.ide.mcu.externaltools.gnu-tools-for-stm32.9-2020-q2-update.win32_2.0.0.202105311346/tools/bin/../lib/gcc/arm-none-eabi/9.3.1/../../../../arm-none-eabi/lib/thumb/v6-m/nofp\libc_nano.a(lib_a-nano-svfprintf.o)
                0x00000000080031b4                _svfiprintf_r
                0x00000000080031b4                _svfprintf_r
 .text._printf_common
                0x00000000080033b4       0xde c:/st/stm32cubeide_1.8.0/stm32cubeide/plugins/com.st.stm32cube.ide.mcu.externaltools.gnu-tools-for-stm32.9-2020-q2-update.win32_2.0.0.202105311346/tools/bin/../lib/gcc/arm-none-eabi/9.3.1/../../../../arm-none-eabi/lib/thumb/v6-m/nofp\libc_nano.a(lib_a-nano-vfprintf_i.o)
                0x00000000080033b4                _printf_common
 *fill*         0x0000000008003492        0x2 
 .text._printf_i
                0x0000000008003494      0x224 c:/st/stm32cubeide_1.8.0/stm32cubeide/plugins/com.st.stm32cube.ide.mcu.externaltools.gnu-tools-for-stm32.9-2020-q2-update.win32_2.0.0.202105311346/tools/bin/../lib/gcc/arm-none-eabi/9.3.1/../../../../arm-none-eabi/lib/thumb/v6-m/nofp\libc_nano.a(lib_a-nano-vfprintf_i.o)
                0x0000000008003494                _printf_i
 .text.memchr   0x00000000080036b8       0x16 c:/st/stm32cubeide_1.8.0/stm32cubeide/plugins/com.st.stm32cube.ide.mcu.externaltools.gnu-tools-for-stm32.9-2020-q2-update.win32_2.0.0.202105311346/tools/bin/../lib/gcc/arm-none-eabi/9.3.1/../../../../arm-none-eabi/lib/thumb/v6-m/nofp\libc_nano.a(lib_a-memchr-stub.o)
                0x00000000080036b8                memchr
 .text.memcpy   0x00000000080036ce       0x12 c:/st/stm32cubeide_1.8.0/stm32cubeide/plugins/com.st.stm32cube.ide.mcu.externaltools.gnu-tools-for-stm32.9-2020-q2-update.win32_2.0.0.202105311346/tools/bin/../lib/gcc/arm-none-eabi/9.3.1/../../../../arm-none-eabi/lib/thumb/v6-m/nofp\libc_nano.a(lib_a-memcpy-stub.o)
                0x00000000080036ce                memcpy
 .text.memmove  0x00000000080036e0       0x26 c:/st/stm32cubeide_1.8.0/stm32cubeide/plugins/com.st.stm32cube.ide.mcu.externaltools.gnu-tools-for-stm32.9-2020-q2-update.win32_2.0.0.202105311346/tools/bin/../lib/gcc/arm-none-eabi/9.3.1/../../../../arm-none-eabi/lib/thumb/v6-m/nofp\libc_nano.a(lib_a-memmove.o)
                0x00000000080036e0                memmove
 *fill*         0x0000000008003706        0x2 
 .text._free_r  0x0000000008003708       0x94 c:/st/stm32cubeide_1.8.0/stm32cubeide/plugins/com.st.stm32cube.ide.mcu.externaltools.gnu-tools-for-stm32.9-2020-q2-update.win32_2.0.0.202105311346/tools/bin/../lib/gcc/arm-none-eabi/9.3.1/../../../../arm-none-eabi/lib/thumb/v6-m/nofp\libc_nano.a(lib_a-nano-freer.o)
                0x0000000008003708                _free_r
 .text._malloc_r
                0x000000000800379c       0xbc c:/st/stm32cubeide_1.8.0/stm32cubeide/plugins/com.st.stm32cube.ide.mcu.externaltools.gnu-tools-for-stm32.9-2020-q2-update.win32_2.0.0.202105311346/tools/bin/../lib/gcc/arm-none-eabi/9.3.1/../../../../arm-none-eabi/lib/thumb/v6-m/nofp\libc_nano.a(lib_a-nano-mallocr.o)
                0x000000000800379c                _malloc_r
 .text._realloc_r
                0x0000000008003858       0x4c c:/st/stm32cubeide_1.8.0/stm32cubeide/plugins/com.st.stm32cube.ide.mcu.externaltools.gnu-tools-for-stm32.9-2020-q2-update.win32_2.0.0.202105311346/tools/bin/../lib/gcc/arm-none-eabi/9.3.1/../../../../arm-none-eabi/lib/thumb/v6-m/nofp\libc_nano.a(lib_a-nano-reallocr.o)
                0x0000000008003858                _realloc_r
 .text._sbrk_r  0x00000000080038a4       0x24 c:/st/stm32cubeide_1.8.0/stm32cubeide/plugins/com.st.stm32cube.ide.mcu.externaltools.gnu-tools-for-stm32.9-2020-q2-update.win32_2.0.0.202105311346/tools/bin/../lib/gcc/arm-none-eabi/9.3.1/../../../../arm-none-eabi/lib/thumb/v6-m/nofp\libc_nano.a(lib_a-sbrkr.o)
                0x00000000080038a4                _sbrk_r
 .text.__malloc_lock
                0x00000000080038c8       0x10 c:/st/stm32cubeide_1.8.0/stm32cubeide/plugins/com.st.stm32cube.ide.mcu.externaltools.gnu-tools-for-stm32.9-2020-q2-update.win32_2.0.0.202105311346/tools/bin/../lib/gcc/arm-none-eabi/9.3.1/../../../../arm-none-eabi/lib/thumb/v6-m/nofp\libc_nano.a(lib_a-mlock.o)
                0x00000000080038c8                __malloc_lock
 .text.__malloc_unlock
                0x00000000080038d8       0x10 c:/st/stm32cubeide_1.8.0/stm32cubeide/plugins/com.st.stm32cube.ide.mcu.externaltools.gnu-tools-for-stm32.9-2020-q2-update.win32_2.0.0.202105311346/tools/bin/../lib/gcc/arm-none-eabi/9.3.1/../../../../arm-none-eabi/lib/thumb/v6-m/nofp\libc_nano.a(lib_a-mlock.o)
                0x00000000080038d8                __malloc_unlock
 .text._malloc_usable_size_r
                0x00000000080038e8       0x10 c:/st/stm32cubeide_1.8.0/stm32cubeide/plugins/com.st.stm32cube.ide.mcu.externaltools.gnu-tools-for-stm32.9-2020-q2-update.win32_2.0.0.202105311346/tools/bin/../lib/gcc/arm-none-eabi/9.3.1/../../../../arm-none-eabi/lib/thumb/v6-m/nofp\libc_nano.a(lib_a-nano-msizer.o)
                0x00000000080038e8                _malloc_usable_size_r
 .text.__retarget_lock_acquire_recursive
                0x00000000080038f8        0x2 c:/st/stm32cubeide_1.8.0/stm32cubeide/plugins/com.st.stm32cube.ide.mcu.externaltools.gnu-tools-for-stm32.9-2020-q2-update.win32_2.0.0.202105311346/tools/bin/../lib/gcc/arm-none-eabi/9.3.1/../../../../arm-none-eabi/lib/thumb/v6-m/nofp\libc_nano.a(lib_a-lock.o)
                0x00000000080038f8                __retarget_lock_acquire_recursive
 .text.__retarget_lock_release_recursive
                0x00000000080038fa        0x2 c:/st/stm32cubeide_1.8.0/stm32cubeide/plugins/com.st.stm32cube.ide.mcu.externaltools.gnu-tools-for-stm32.9-2020-q2-update.win32_2.0.0.202105311346/tools/bin/../lib/gcc/arm-none-eabi/9.3.1/../../../../arm-none-eabi/lib/thumb/v6-m/nofp\libc_nano.a(lib_a-lock.o)
                0x00000000080038fa                __retarget_lock_release_recursive
 *(.glue_7)
 .glue_7        0x00000000080038fc        0x0 linker stubs
 *(.glue_7t)
 .glue_7t       0x00000000080038fc        0x0 linker stubs
 *(.eh_frame)
 .eh_frame      0x00000000080038fc        0x0 c:/st/stm32cubeide_1.8.0/stm32cubeide/plugins/com.st.stm32cube.ide.mcu.externaltools.gnu-tools-for-stm32.9-2020-q2-update.win32_2.0.0.202105311346/tools/bin/../lib/gcc/arm-none-eabi/9.3.1/thumb/v6-m/nofp/crtbegin.o
 *(.init)
 .init          0x00000000080038fc        0x4 c:/st/stm32cubeide_1.8.0/stm32cubeide/plugins/com.st.stm32cube.ide.mcu.externaltools.gnu-tools-for-stm32.9-2020-q2-update.win32_2.0.0.202105311346/tools/bin/../lib/gcc/arm-none-eabi/9.3.1/thumb/v6-m/nofp/crti.o
                0x00000000080038fc                _init
 .init          0x0000000008003900        0x8 c:/st/stm32cubeide_1.8.0/stm32cubeide/plugins/com.st.stm32cube.ide.mcu.externaltools.gnu-tools-for-stm32.9-2020-q2-update.win32_2.0.0.202105311346/tools/bin/../lib/gcc/arm-none-eabi/9.3.1/thumb/v6-m/nofp/crtn.o
 *(.fini)
 .fini          0x0000000008003908        0x4 c:/st/stm32cubeide_1.8.0/stm32cubeide/plugins/com.st.stm32cube.ide.mcu.externaltools.gnu-tools-for-stm32.9-2020-q2-update.win32_2.0.0.202105311346/tools/bin/../lib/gcc/arm-none-eabi/9.3.1/thumb/v6-m/nofp/crti.o
                0x0000000008003908                _fini
 .fini          0x000000000800390c        0x8 c:/st/stm32cubeide_1.8.0/stm32cubeide/plugins/com.st.stm32cube.ide.mcu.externaltools.gnu-tools-for-stm32.9-2020-q2-update.win32_2.0.0.202105311346/tools/bin/../lib/gcc/arm-none-eabi/9.3.1/thumb/v6-m/nofp/crtn.o
                0x0000000008003914                . = ALIGN (0x4)
                0x0000000008003914                _etext = .

.vfp11_veneer   0x0000000008003914        0x0
 .vfp11_veneer  0x0000000008003914        0x0 linker stubs

.v4_bx          0x0000000008003914        0x0
 .v4_bx         0x0000000008003914        0x0 linker stubs

.iplt           0x0000000008003914        0x0
 .iplt          0x0000000008003914        0x0 c:/st/stm32cubeide_1.8.0/stm32cubeide/plugins/com.st.stm32cube.ide.mcu.externaltools.gnu-tools-for-stm32.9-2020-q2-update.win32_2.0.0.202105311346/tools/bin/../lib/gcc/arm-none-eabi/9.3.1/thumb/v6-m/nofp/crtbegin.o

.rodata         0x0000000008003914      0x4c4
                0x0000000008003914                . = ALIGN (0x4)
 *(.rodata)
 .rodata        0x0000000008003914      0x35c ./Core/Src/shell.o
 *(.rodata*)
 .rodata.OFFSET_TAB_CCMRx
                0x0000000008003c70        0x7 ./Core/Src/main.o
 *fill*         0x0000000008003c77        0x1 
 .rodata.SHIFT_TAB_OCxx
                0x0000000008003c78        0x7 ./Core/Src/main.o
 *fill*         0x0000000008003c7f        0x1 
 .rodata.AHBPrescTable
                0x0000000008003c80       0x10 ./Core/Src/system_stm32l0xx.o
                0x0000000008003c80                AHBPrescTable
 .rodata.APBPrescTable
                0x0000000008003c90        0x8 ./Core/Src/system_stm32l0xx.o
                0x0000000008003c90                APBPrescTable
 .rodata.PLLMulTable
                0x0000000008003c98        0x9 ./Core/Src/system_stm32l0xx.o
                0x0000000008003c98                PLLMulTable
 .rodata._ctype_
                0x0000000008003ca1      0x101 c:/st/stm32cubeide_1.8.0/stm32cubeide/plugins/com.st.stm32cube.ide.mcu.externaltools.gnu-tools-for-stm32.9-2020-q2-update.win32_2.0.0.202105311346/tools/bin/../lib/gcc/arm-none-eabi/9.3.1/../../../../arm-none-eabi/lib/thumb/v6-m/nofp\libc_nano.a(lib_a-ctype_.o)
                0x0000000008003ca1                _ctype_
 .rodata._svfprintf_r.str1.1
                0x0000000008003da2       0x11 c:/st/stm32cubeide_1.8.0/stm32cubeide/plugins/com.st.stm32cube.ide.mcu.externaltools.gnu-tools-for-stm32.9-2020-q2-update.win32_2.0.0.202105311346/tools/bin/../lib/gcc/arm-none-eabi/9.3.1/../../../../arm-none-eabi/lib/thumb/v6-m/nofp\libc_nano.a(lib_a-nano-svfprintf.o)
 .rodata._printf_i.str1.1
                0x0000000008003db3       0x22 c:/st/stm32cubeide_1.8.0/stm32cubeide/plugins/com.st.stm32cube.ide.mcu.externaltools.gnu-tools-for-stm32.9-2020-q2-update.win32_2.0.0.202105311346/tools/bin/../lib/gcc/arm-none-eabi/9.3.1/../../../../arm-none-eabi/lib/thumb/v6-m/nofp\libc_nano.a(lib_a-nano-vfprintf_i.o)
                0x0000000008003dd8                . = ALIGN (0x4)
 *fill*         0x0000000008003dd5        0x3 

.rel.dyn        0x0000000008003dd8        0x0
 .rel.iplt      0x0000000008003dd8        0x0 c:/st/stm32cubeide_1.8.0/stm32cubeide/plugins/com.st.stm32cube.ide.mcu.externaltools.gnu-tools-for-stm32.9-2020-q2-update.win32_2.0.0.202105311346/tools/bin/../lib/gcc/arm-none-eabi/9.3.1/thumb/v6-m/nofp/crtbegin.o

.ARM.extab      0x0000000008003dd8        0x0
                0x0000000008003dd8                . = ALIGN (0x4)
 *(.ARM.extab* .gnu.linkonce.armextab.*)
                0x0000000008003dd8                . = ALIGN (0x4)

.ARM            0x0000000008003dd8        0x0
                0x0000000008003dd8                . = ALIGN (0x4)
                0x0000000008003dd8                __exidx_start = .
 *(.ARM.exidx*)
                0x0000000008003dd8                __exidx_end = .
                0x0000000008003dd8                . = ALIGN (0x4)

.preinit_array  0x0000000008003dd8        0x0
                0x0000000008003dd8                . = ALIGN (0x4)
                0x0000000008003dd8                PROVIDE (__preinit_array_start = .)
 *(.preinit_array*)
                0x0000000008003dd8                PROVIDE (__preinit_array_end = .)
                0x0000000008003dd8                . = ALIGN (0x4)

.init_array     0x0000000008003dd8        0x4
                0x0000000008003dd8                . = ALIGN (0x4)
                0x0000000008003dd8                PROVIDE (__init_array_start = .)
 *(SORT_BY_NAME(.init_array.*))
 *(.init_array*)
 .init_array    0x0000000008003dd8        0x4 c:/st/stm32cubeide_1.8.0/stm32cubeide/plugins/com.st.stm32cube.ide.mcu.externaltools.gnu-tools-for-stm32.9-2020-q2-update.win32_2.0.0.202105311346/tools/bin/../lib/gcc/arm-none-eabi/9.3.1/thumb/v6-m/nofp/crtbegin.o
                0x0000000008003ddc                PROVIDE (__init_array_end = .)
                0x0000000008003ddc                . = ALIGN (0x4)

.fini_array     0x0000000008003ddc        0x4
                0x0000000008003ddc                . = ALIGN (0x4)
                [!provide]                        PROVIDE (__fini_array_start = .)
 *(SORT_BY_NAME(.fini_array.*))
 *(.fini_array*)
 .fini_array    0x0000000008003ddc        0x4 c:/st/stm32cubeide_1.8.0/stm32cubeide/plugins/com.st.stm32cube.ide.mcu.externaltools.gnu-tools-for-stm32.9-2020-q2-update.win32_2.0.0.202105311346/tools/bin/../lib/gcc/arm-none-eabi/9.3.1/thumb/v6-m/nofp/crtbegin.o
                [!provide]                        PROVIDE (__fini_array_end = .)
                0x0000000008003de0                . = ALIGN (0x4)
                0x0000000008003de0                _sidata = LOADADDR (.data)

.data           0x0000000020000000       0x70 load address 0x0000000008003de0
                0x0000000020000000                . = ALIGN (0x4)
                0x0000000020000000                _sdata = .
 *(.data)
 *(.data*)
 .data.DacSPI   0x0000000020000000        0x6 ./Core/Src/AnalogOut.o
                0x0000000020000000                DacSPI
 *fill*         0x0000000020000006        0x2 
 .data.SystemCoreClock
                0x0000000020000008        0x4 ./Core/Src/system_stm32l0xx.o
                0x0000000020000008                SystemCoreClock
 .data._impure_ptr
                0x000000002000000c        0x4 c:/st/stm32cubeide_1.8.0/stm32cubeide/plugins/com.st.stm32cube.ide.mcu.externaltools.gnu-tools-for-stm32.9-2020-q2-update.win32_2.0.0.202105311346/tools/bin/../lib/gcc/arm-none-eabi/9.3.1/../../../../arm-none-eabi/lib/thumb/v6-m/nofp\libc_nano.a(lib_a-impure.o)
                0x000000002000000c                _impure_ptr
 .data.impure_data
                0x0000000020000010       0x60 c:/st/stm32cubeide_1.8.0/stm32cubeide/plugins/com.st.stm32cube.ide.mcu.externaltools.gnu-tools-for-stm32.9-2020-q2-update.win32_2.0.0.202105311346/tools/bin/../lib/gcc/arm-none-eabi/9.3.1/../../../../arm-none-eabi/lib/thumb/v6-m/nofp\libc_nano.a(lib_a-impure.o)
 *(.RamFunc)
 *(.RamFunc*)
                0x0000000020000070                . = ALIGN (0x4)
                0x0000000020000070                _edata = .

.igot.plt       0x0000000020000070        0x0 load address 0x0000000008003e50
 .igot.plt      0x0000000020000070        0x0 c:/st/stm32cubeide_1.8.0/stm32cubeide/plugins/com.st.stm32cube.ide.mcu.externaltools.gnu-tools-for-stm32.9-2020-q2-update.win32_2.0.0.202105311346/tools/bin/../lib/gcc/arm-none-eabi/9.3.1/thumb/v6-m/nofp/crtbegin.o
                0x0000000020000070                . = ALIGN (0x4)

.bss            0x0000000020000070      0x294 load address 0x0000000008003e50
                0x0000000020000070                _sbss = .
                0x0000000020000070                __bss_start__ = _sbss
 *(.bss)
 .bss           0x0000000020000070       0x1c c:/st/stm32cubeide_1.8.0/stm32cubeide/plugins/com.st.stm32cube.ide.mcu.externaltools.gnu-tools-for-stm32.9-2020-q2-update.win32_2.0.0.202105311346/tools/bin/../lib/gcc/arm-none-eabi/9.3.1/thumb/v6-m/nofp/crtbegin.o
 *(.bss*)
 .bss.ledStatus
                0x000000002000008c        0x2 ./Core/Src/led.o
                0x000000002000008c                ledStatus
 *fill*         0x000000002000008e        0x2 
 .bss.valeur    0x0000000020000090        0x4 ./Core/Src/main.o
                0x0000000020000090                valeur
 .bss.count     0x0000000020000094        0x1 ./Core/Src/main.o
                0x0000000020000094                count
 *fill*         0x0000000020000095        0x3 
 .bss.__sbrk_heap_end
                0x0000000020000098        0x4 ./Core/Src/sysmem.o
 .bss.__malloc_free_list
                0x000000002000009c        0x4 c:/st/stm32cubeide_1.8.0/stm32cubeide/plugins/com.st.stm32cube.ide.mcu.externaltools.gnu-tools-for-stm32.9-2020-q2-update.win32_2.0.0.202105311346/tools/bin/../lib/gcc/arm-none-eabi/9.3.1/../../../../arm-none-eabi/lib/thumb/v6-m/nofp\libc_nano.a(lib_a-nano-mallocr.o)
                0x000000002000009c                __malloc_free_list
 .bss.__malloc_sbrk_start
                0x00000000200000a0        0x4 c:/st/stm32cubeide_1.8.0/stm32cubeide/plugins/com.st.stm32cube.ide.mcu.externaltools.gnu-tools-for-stm32.9-2020-q2-update.win32_2.0.0.202105311346/tools/bin/../lib/gcc/arm-none-eabi/9.3.1/../../../../arm-none-eabi/lib/thumb/v6-m/nofp\libc_nano.a(lib_a-nano-mallocr.o)
                0x00000000200000a0                __malloc_sbrk_start
 *(COMMON)
 COMMON         0x00000000200000a4       0x10 ./Core/Src/RCFilter.o
                0x00000000200000a4                hRCFilter
 COMMON         0x00000000200000b4      0x240 ./Core/Src/main.o
                0x00000000200000b4                hShell
 COMMON         0x00000000200002f4        0x4 c:/st/stm32cubeide_1.8.0/stm32cubeide/plugins/com.st.stm32cube.ide.mcu.externaltools.gnu-tools-for-stm32.9-2020-q2-update.win32_2.0.0.202105311346/tools/bin/../lib/gcc/arm-none-eabi/9.3.1/../../../../arm-none-eabi/lib/thumb/v6-m/nofp\libc_nano.a(lib_a-reent.o)
                0x00000000200002f4                errno
 COMMON         0x00000000200002f8        0x9 c:/st/stm32cubeide_1.8.0/stm32cubeide/plugins/com.st.stm32cube.ide.mcu.externaltools.gnu-tools-for-stm32.9-2020-q2-update.win32_2.0.0.202105311346/tools/bin/../lib/gcc/arm-none-eabi/9.3.1/../../../../arm-none-eabi/lib/thumb/v6-m/nofp\libc_nano.a(lib_a-lock.o)
                0x00000000200002f8                __lock___atexit_recursive_mutex
                0x00000000200002f9                __lock___arc4random_mutex
                0x00000000200002fa                __lock___env_recursive_mutex
                0x00000000200002fb                __lock___sinit_recursive_mutex
                0x00000000200002fc                __lock___malloc_recursive_mutex
                0x00000000200002fd                __lock___at_quick_exit_mutex
                0x00000000200002fe                __lock___dd_hash_mutex
                0x00000000200002ff                __lock___tz_mutex
                0x0000000020000300                __lock___sfp_recursive_mutex
                0x0000000020000304                . = ALIGN (0x4)
 *fill*         0x0000000020000301        0x3 
                0x0000000020000304                _ebss = .
                0x0000000020000304                __bss_end__ = _ebss

._user_heap_stack
                0x0000000020000304      0x204 load address 0x0000000008003e50
                0x0000000020000308                . = ALIGN (0x8)
 *fill*         0x0000000020000304        0x4 
                [!provide]                        PROVIDE (end = .)
                0x0000000020000308                PROVIDE (_end = .)
                0x0000000020000308                . = (. + _Min_Heap_Size)
                0x0000000020000508                . = (. + _Min_Stack_Size)
 *fill*         0x0000000020000308      0x200 
                0x0000000020000508                . = ALIGN (0x8)

/DISCARD/
 libc.a(*)
 libm.a(*)
 libgcc.a(*)

.ARM.attributes
                0x0000000000000000       0x28
 *(.ARM.attributes)
 .ARM.attributes
                0x0000000000000000       0x1e c:/st/stm32cubeide_1.8.0/stm32cubeide/plugins/com.st.stm32cube.ide.mcu.externaltools.gnu-tools-for-stm32.9-2020-q2-update.win32_2.0.0.202105311346/tools/bin/../lib/gcc/arm-none-eabi/9.3.1/thumb/v6-m/nofp/crti.o
 .ARM.attributes
                0x000000000000001e       0x2c c:/st/stm32cubeide_1.8.0/stm32cubeide/plugins/com.st.stm32cube.ide.mcu.externaltools.gnu-tools-for-stm32.9-2020-q2-update.win32_2.0.0.202105311346/tools/bin/../lib/gcc/arm-none-eabi/9.3.1/thumb/v6-m/nofp/crtbegin.o
 .ARM.attributes
                0x000000000000004a       0x2c ./Core/Src/AnalogIn.o
 .ARM.attributes
                0x0000000000000076       0x2c ./Core/Src/AnalogOut.o
 .ARM.attributes
                0x00000000000000a2       0x2c ./Core/Src/RCFilter.o
 .ARM.attributes
                0x00000000000000ce       0x2c ./Core/Src/led.o
 .ARM.attributes
                0x00000000000000fa       0x2c ./Core/Src/main.o
 .ARM.attributes
                0x0000000000000126       0x2c ./Core/Src/serial.o
 .ARM.attributes
                0x0000000000000152       0x2c ./Core/Src/shell.o
 .ARM.attributes
                0x000000000000017e       0x2c ./Core/Src/stm32l0xx_it.o
 .ARM.attributes
                0x00000000000001aa       0x2c ./Core/Src/sysmem.o
 .ARM.attributes
                0x00000000000001d6       0x2c ./Core/Src/system_stm32l0xx.o
 .ARM.attributes
                0x0000000000000202       0x2c ./Core/Src/timebase.o
 .ARM.attributes
                0x000000000000022e       0x22 ./Core/Startup/startup_stm32l021k4tx.o
 .ARM.attributes
                0x0000000000000250       0x2c ./Drivers/STM32L0xx_HAL_Driver/Src/stm32l0xx_ll_adc.o
 .ARM.attributes
                0x000000000000027c       0x2c ./Drivers/STM32L0xx_HAL_Driver/Src/stm32l0xx_ll_gpio.o
 .ARM.attributes
                0x00000000000002a8       0x2c ./Drivers/STM32L0xx_HAL_Driver/Src/stm32l0xx_ll_rcc.o
 .ARM.attributes
                0x00000000000002d4       0x2c ./Drivers/STM32L0xx_HAL_Driver/Src/stm32l0xx_ll_spi.o
 .ARM.attributes
                0x0000000000000300       0x2c ./Drivers/STM32L0xx_HAL_Driver/Src/stm32l0xx_ll_tim.o
 .ARM.attributes
                0x000000000000032c       0x2c ./Drivers/STM32L0xx_HAL_Driver/Src/stm32l0xx_ll_usart.o
 .ARM.attributes
                0x0000000000000358       0x2c ./Drivers/STM32L0xx_HAL_Driver/Src/stm32l0xx_ll_utils.o
 .ARM.attributes
                0x0000000000000384       0x2c c:/st/stm32cubeide_1.8.0/stm32cubeide/plugins/com.st.stm32cube.ide.mcu.externaltools.gnu-tools-for-stm32.9-2020-q2-update.win32_2.0.0.202105311346/tools/bin/../lib/gcc/arm-none-eabi/9.3.1/../../../../arm-none-eabi/lib/thumb/v6-m/nofp\libc_nano.a(lib_a-atoi.o)
 .ARM.attributes
                0x00000000000003b0       0x2c c:/st/stm32cubeide_1.8.0/stm32cubeide/plugins/com.st.stm32cube.ide.mcu.externaltools.gnu-tools-for-stm32.9-2020-q2-update.win32_2.0.0.202105311346/tools/bin/../lib/gcc/arm-none-eabi/9.3.1/../../../../arm-none-eabi/lib/thumb/v6-m/nofp\libc_nano.a(lib_a-errno.o)
 .ARM.attributes
                0x00000000000003dc       0x2c c:/st/stm32cubeide_1.8.0/stm32cubeide/plugins/com.st.stm32cube.ide.mcu.externaltools.gnu-tools-for-stm32.9-2020-q2-update.win32_2.0.0.202105311346/tools/bin/../lib/gcc/arm-none-eabi/9.3.1/../../../../arm-none-eabi/lib/thumb/v6-m/nofp\libc_nano.a(lib_a-impure.o)
 .ARM.attributes
                0x0000000000000408       0x2c c:/st/stm32cubeide_1.8.0/stm32cubeide/plugins/com.st.stm32cube.ide.mcu.externaltools.gnu-tools-for-stm32.9-2020-q2-update.win32_2.0.0.202105311346/tools/bin/../lib/gcc/arm-none-eabi/9.3.1/../../../../arm-none-eabi/lib/thumb/v6-m/nofp\libc_nano.a(lib_a-init.o)
 .ARM.attributes
                0x0000000000000434       0x2c c:/st/stm32cubeide_1.8.0/stm32cubeide/plugins/com.st.stm32cube.ide.mcu.externaltools.gnu-tools-for-stm32.9-2020-q2-update.win32_2.0.0.202105311346/tools/bin/../lib/gcc/arm-none-eabi/9.3.1/../../../../arm-none-eabi/lib/thumb/v6-m/nofp\libc_nano.a(lib_a-memset.o)
 .ARM.attributes
                0x0000000000000460       0x2c c:/st/stm32cubeide_1.8.0/stm32cubeide/plugins/com.st.stm32cube.ide.mcu.externaltools.gnu-tools-for-stm32.9-2020-q2-update.win32_2.0.0.202105311346/tools/bin/../lib/gcc/arm-none-eabi/9.3.1/../../../../arm-none-eabi/lib/thumb/v6-m/nofp\libc_nano.a(lib_a-snprintf.o)
 .ARM.attributes
                0x000000000000048c       0x2c c:/st/stm32cubeide_1.8.0/stm32cubeide/plugins/com.st.stm32cube.ide.mcu.externaltools.gnu-tools-for-stm32.9-2020-q2-update.win32_2.0.0.202105311346/tools/bin/../lib/gcc/arm-none-eabi/9.3.1/../../../../arm-none-eabi/lib/thumb/v6-m/nofp\libc_nano.a(lib_a-strtol.o)
 .ARM.attributes
                0x00000000000004b8       0x2c c:/st/stm32cubeide_1.8.0/stm32cubeide/plugins/com.st.stm32cube.ide.mcu.externaltools.gnu-tools-for-stm32.9-2020-q2-update.win32_2.0.0.202105311346/tools/bin/../lib/gcc/arm-none-eabi/9.3.1/../../../../arm-none-eabi/lib/thumb/v6-m/nofp\libc_nano.a(lib_a-ctype_.o)
 .ARM.attributes
                0x00000000000004e4       0x2c c:/st/stm32cubeide_1.8.0/stm32cubeide/plugins/com.st.stm32cube.ide.mcu.externaltools.gnu-tools-for-stm32.9-2020-q2-update.win32_2.0.0.202105311346/tools/bin/../lib/gcc/arm-none-eabi/9.3.1/../../../../arm-none-eabi/lib/thumb/v6-m/nofp\libc_nano.a(lib_a-nano-svfprintf.o)
 .ARM.attributes
                0x0000000000000510       0x2c c:/st/stm32cubeide_1.8.0/stm32cubeide/plugins/com.st.stm32cube.ide.mcu.externaltools.gnu-tools-for-stm32.9-2020-q2-update.win32_2.0.0.202105311346/tools/bin/../lib/gcc/arm-none-eabi/9.3.1/../../../../arm-none-eabi/lib/thumb/v6-m/nofp\libc_nano.a(lib_a-nano-vfprintf_i.o)
 .ARM.attributes
                0x000000000000053c       0x2c c:/st/stm32cubeide_1.8.0/stm32cubeide/plugins/com.st.stm32cube.ide.mcu.externaltools.gnu-tools-for-stm32.9-2020-q2-update.win32_2.0.0.202105311346/tools/bin/../lib/gcc/arm-none-eabi/9.3.1/../../../../arm-none-eabi/lib/thumb/v6-m/nofp\libc_nano.a(lib_a-memchr-stub.o)
 .ARM.attributes
                0x0000000000000568       0x2c c:/st/stm32cubeide_1.8.0/stm32cubeide/plugins/com.st.stm32cube.ide.mcu.externaltools.gnu-tools-for-stm32.9-2020-q2-update.win32_2.0.0.202105311346/tools/bin/../lib/gcc/arm-none-eabi/9.3.1/../../../../arm-none-eabi/lib/thumb/v6-m/nofp\libc_nano.a(lib_a-memcpy-stub.o)
 .ARM.attributes
                0x0000000000000594       0x2c c:/st/stm32cubeide_1.8.0/stm32cubeide/plugins/com.st.stm32cube.ide.mcu.externaltools.gnu-tools-for-stm32.9-2020-q2-update.win32_2.0.0.202105311346/tools/bin/../lib/gcc/arm-none-eabi/9.3.1/../../../../arm-none-eabi/lib/thumb/v6-m/nofp\libc_nano.a(lib_a-memmove.o)
 .ARM.attributes
                0x00000000000005c0       0x2c c:/st/stm32cubeide_1.8.0/stm32cubeide/plugins/com.st.stm32cube.ide.mcu.externaltools.gnu-tools-for-stm32.9-2020-q2-update.win32_2.0.0.202105311346/tools/bin/../lib/gcc/arm-none-eabi/9.3.1/../../../../arm-none-eabi/lib/thumb/v6-m/nofp\libc_nano.a(lib_a-nano-freer.o)
 .ARM.attributes
                0x00000000000005ec       0x2c c:/st/stm32cubeide_1.8.0/stm32cubeide/plugins/com.st.stm32cube.ide.mcu.externaltools.gnu-tools-for-stm32.9-2020-q2-update.win32_2.0.0.202105311346/tools/bin/../lib/gcc/arm-none-eabi/9.3.1/../../../../arm-none-eabi/lib/thumb/v6-m/nofp\libc_nano.a(lib_a-nano-mallocr.o)
 .ARM.attributes
                0x0000000000000618       0x2c c:/st/stm32cubeide_1.8.0/stm32cubeide/plugins/com.st.stm32cube.ide.mcu.externaltools.gnu-tools-for-stm32.9-2020-q2-update.win32_2.0.0.202105311346/tools/bin/../lib/gcc/arm-none-eabi/9.3.1/../../../../arm-none-eabi/lib/thumb/v6-m/nofp\libc_nano.a(lib_a-nano-reallocr.o)
 .ARM.attributes
                0x0000000000000644       0x2c c:/st/stm32cubeide_1.8.0/stm32cubeide/plugins/com.st.stm32cube.ide.mcu.externaltools.gnu-tools-for-stm32.9-2020-q2-update.win32_2.0.0.202105311346/tools/bin/../lib/gcc/arm-none-eabi/9.3.1/../../../../arm-none-eabi/lib/thumb/v6-m/nofp\libc_nano.a(lib_a-sbrkr.o)
 .ARM.attributes
                0x0000000000000670       0x2c c:/st/stm32cubeide_1.8.0/stm32cubeide/plugins/com.st.stm32cube.ide.mcu.externaltools.gnu-tools-for-stm32.9-2020-q2-update.win32_2.0.0.202105311346/tools/bin/../lib/gcc/arm-none-eabi/9.3.1/../../../../arm-none-eabi/lib/thumb/v6-m/nofp\libc_nano.a(lib_a-mlock.o)
 .ARM.attributes
                0x000000000000069c       0x2c c:/st/stm32cubeide_1.8.0/stm32cubeide/plugins/com.st.stm32cube.ide.mcu.externaltools.gnu-tools-for-stm32.9-2020-q2-update.win32_2.0.0.202105311346/tools/bin/../lib/gcc/arm-none-eabi/9.3.1/../../../../arm-none-eabi/lib/thumb/v6-m/nofp\libc_nano.a(lib_a-nano-msizer.o)
 .ARM.attributes
                0x00000000000006c8       0x2c c:/st/stm32cubeide_1.8.0/stm32cubeide/plugins/com.st.stm32cube.ide.mcu.externaltools.gnu-tools-for-stm32.9-2020-q2-update.win32_2.0.0.202105311346/tools/bin/../lib/gcc/arm-none-eabi/9.3.1/../../../../arm-none-eabi/lib/thumb/v6-m/nofp\libc_nano.a(lib_a-reent.o)
 .ARM.attributes
                0x00000000000006f4       0x2c c:/st/stm32cubeide_1.8.0/stm32cubeide/plugins/com.st.stm32cube.ide.mcu.externaltools.gnu-tools-for-stm32.9-2020-q2-update.win32_2.0.0.202105311346/tools/bin/../lib/gcc/arm-none-eabi/9.3.1/../../../../arm-none-eabi/lib/thumb/v6-m/nofp\libc_nano.a(lib_a-lock.o)
 .ARM.attributes
                0x0000000000000720       0x1e c:/st/stm32cubeide_1.8.0/stm32cubeide/plugins/com.st.stm32cube.ide.mcu.externaltools.gnu-tools-for-stm32.9-2020-q2-update.win32_2.0.0.202105311346/tools/bin/../lib/gcc/arm-none-eabi/9.3.1/thumb/v6-m/nofp\libgcc.a(_thumb1_case_shi.o)
 .ARM.attributes
                0x000000000000073e       0x1e c:/st/stm32cubeide_1.8.0/stm32cubeide/plugins/com.st.stm32cube.ide.mcu.externaltools.gnu-tools-for-stm32.9-2020-q2-update.win32_2.0.0.202105311346/tools/bin/../lib/gcc/arm-none-eabi/9.3.1/thumb/v6-m/nofp\libgcc.a(_udivsi3.o)
 .ARM.attributes
                0x000000000000075c       0x1e c:/st/stm32cubeide_1.8.0/stm32cubeide/plugins/com.st.stm32cube.ide.mcu.externaltools.gnu-tools-for-stm32.9-2020-q2-update.win32_2.0.0.202105311346/tools/bin/../lib/gcc/arm-none-eabi/9.3.1/thumb/v6-m/nofp\libgcc.a(_dvmd_tls.o)
 .ARM.attributes
                0x000000000000077a       0x1e c:/st/stm32cubeide_1.8.0/stm32cubeide/plugins/com.st.stm32cube.ide.mcu.externaltools.gnu-tools-for-stm32.9-2020-q2-update.win32_2.0.0.202105311346/tools/bin/../lib/gcc/arm-none-eabi/9.3.1/thumb/v6-m/nofp/crtn.o
OUTPUT(STM32L021K4.elf elf32-littlearm)
LOAD linker stubs
LOAD c:/st/stm32cubeide_1.8.0/stm32cubeide/plugins/com.st.stm32cube.ide.mcu.externaltools.gnu-tools-for-stm32.9-2020-q2-update.win32_2.0.0.202105311346/tools/bin/../lib/gcc/arm-none-eabi/9.3.1/../../../../arm-none-eabi/lib/thumb/v6-m/nofp\libc.a
LOAD c:/st/stm32cubeide_1.8.0/stm32cubeide/plugins/com.st.stm32cube.ide.mcu.externaltools.gnu-tools-for-stm32.9-2020-q2-update.win32_2.0.0.202105311346/tools/bin/../lib/gcc/arm-none-eabi/9.3.1/../../../../arm-none-eabi/lib/thumb/v6-m/nofp\libm.a
LOAD c:/st/stm32cubeide_1.8.0/stm32cubeide/plugins/com.st.stm32cube.ide.mcu.externaltools.gnu-tools-for-stm32.9-2020-q2-update.win32_2.0.0.202105311346/tools/bin/../lib/gcc/arm-none-eabi/9.3.1/thumb/v6-m/nofp\libgcc.a

.debug_info     0x0000000000000000     0x9260
 .debug_info    0x0000000000000000      0x377 ./Core/Src/AnalogIn.o
 .debug_info    0x0000000000000377      0x4d4 ./Core/Src/AnalogOut.o
 .debug_info    0x000000000000084b      0x29a ./Core/Src/RCFilter.o
 .debug_info    0x0000000000000ae5      0xca8 ./Core/Src/led.o
 .debug_info    0x000000000000178d     0x18f6 ./Core/Src/main.o
 .debug_info    0x0000000000003083      0x3ae ./Core/Src/serial.o
 .debug_info    0x0000000000003431     0x10ef ./Core/Src/shell.o
 .debug_info    0x0000000000004520      0x51d ./Core/Src/stm32l0xx_it.o
 .debug_info    0x0000000000004a3d      0xa25 ./Core/Src/sysmem.o
 .debug_info    0x0000000000005462      0x302 ./Core/Src/system_stm32l0xx.o
 .debug_info    0x0000000000005764      0x365 ./Core/Src/timebase.o
 .debug_info    0x0000000000005ac9       0x22 ./Core/Startup/startup_stm32l021k4tx.o
 .debug_info    0x0000000000005aeb      0x80f ./Drivers/STM32L0xx_HAL_Driver/Src/stm32l0xx_ll_adc.o
 .debug_info    0x00000000000062fa      0x658 ./Drivers/STM32L0xx_HAL_Driver/Src/stm32l0xx_ll_gpio.o
 .debug_info    0x0000000000006952      0x799 ./Drivers/STM32L0xx_HAL_Driver/Src/stm32l0xx_ll_rcc.o
 .debug_info    0x00000000000070eb      0x508 ./Drivers/STM32L0xx_HAL_Driver/Src/stm32l0xx_ll_spi.o
 .debug_info    0x00000000000075f3      0xcdc ./Drivers/STM32L0xx_HAL_Driver/Src/stm32l0xx_ll_tim.o
 .debug_info    0x00000000000082cf      0x6c8 ./Drivers/STM32L0xx_HAL_Driver/Src/stm32l0xx_ll_usart.o
 .debug_info    0x0000000000008997      0x8c9 ./Drivers/STM32L0xx_HAL_Driver/Src/stm32l0xx_ll_utils.o

.debug_abbrev   0x0000000000000000     0x20a5
 .debug_abbrev  0x0000000000000000      0x14f ./Core/Src/AnalogIn.o
 .debug_abbrev  0x000000000000014f      0x1b3 ./Core/Src/AnalogOut.o
 .debug_abbrev  0x0000000000000302       0xfe ./Core/Src/RCFilter.o
 .debug_abbrev  0x0000000000000400      0x23e ./Core/Src/led.o
 .debug_abbrev  0x000000000000063e      0x343 ./Core/Src/main.o
 .debug_abbrev  0x0000000000000981      0x18f ./Core/Src/serial.o
 .debug_abbrev  0x0000000000000b10      0x22a ./Core/Src/shell.o
 .debug_abbrev  0x0000000000000d3a      0x1bc ./Core/Src/stm32l0xx_it.o
 .debug_abbrev  0x0000000000000ef6      0x1bf ./Core/Src/sysmem.o
 .debug_abbrev  0x00000000000010b5      0x116 ./Core/Src/system_stm32l0xx.o
 .debug_abbrev  0x00000000000011cb      0x126 ./Core/Src/timebase.o
 .debug_abbrev  0x00000000000012f1       0x12 ./Core/Startup/startup_stm32l021k4tx.o
 .debug_abbrev  0x0000000000001303      0x1ef ./Drivers/STM32L0xx_HAL_Driver/Src/stm32l0xx_ll_adc.o
 .debug_abbrev  0x00000000000014f2      0x1b5 ./Drivers/STM32L0xx_HAL_Driver/Src/stm32l0xx_ll_gpio.o
 .debug_abbrev  0x00000000000016a7      0x214 ./Drivers/STM32L0xx_HAL_Driver/Src/stm32l0xx_ll_rcc.o
 .debug_abbrev  0x00000000000018bb      0x1a6 ./Drivers/STM32L0xx_HAL_Driver/Src/stm32l0xx_ll_spi.o
 .debug_abbrev  0x0000000000001a61      0x216 ./Drivers/STM32L0xx_HAL_Driver/Src/stm32l0xx_ll_tim.o
 .debug_abbrev  0x0000000000001c77      0x1de ./Drivers/STM32L0xx_HAL_Driver/Src/stm32l0xx_ll_usart.o
 .debug_abbrev  0x0000000000001e55      0x250 ./Drivers/STM32L0xx_HAL_Driver/Src/stm32l0xx_ll_utils.o

.debug_aranges  0x0000000000000000      0x988
 .debug_aranges
                0x0000000000000000       0x50 ./Core/Src/AnalogIn.o
 .debug_aranges
                0x0000000000000050       0x58 ./Core/Src/AnalogOut.o
 .debug_aranges
                0x00000000000000a8       0x28 ./Core/Src/RCFilter.o
 .debug_aranges
                0x00000000000000d0       0x48 ./Core/Src/led.o
 .debug_aranges
                0x0000000000000118      0x1a8 ./Core/Src/main.o
 .debug_aranges
                0x00000000000002c0       0x50 ./Core/Src/serial.o
 .debug_aranges
                0x0000000000000310       0x70 ./Core/Src/shell.o
 .debug_aranges
                0x0000000000000380       0x60 ./Core/Src/stm32l0xx_it.o
 .debug_aranges
                0x00000000000003e0       0x20 ./Core/Src/sysmem.o
 .debug_aranges
                0x0000000000000400       0x28 ./Core/Src/system_stm32l0xx.o
 .debug_aranges
                0x0000000000000428       0x38 ./Core/Src/timebase.o
 .debug_aranges
                0x0000000000000460       0x28 ./Core/Startup/startup_stm32l021k4tx.o
 .debug_aranges
                0x0000000000000488       0xa8 ./Drivers/STM32L0xx_HAL_Driver/Src/stm32l0xx_ll_adc.o
 .debug_aranges
                0x0000000000000530       0x70 ./Drivers/STM32L0xx_HAL_Driver/Src/stm32l0xx_ll_gpio.o
 .debug_aranges
                0x00000000000005a0      0x130 ./Drivers/STM32L0xx_HAL_Driver/Src/stm32l0xx_ll_rcc.o
 .debug_aranges
                0x00000000000006d0       0x50 ./Drivers/STM32L0xx_HAL_Driver/Src/stm32l0xx_ll_spi.o
 .debug_aranges
                0x0000000000000720      0x100 ./Drivers/STM32L0xx_HAL_Driver/Src/stm32l0xx_ll_tim.o
 .debug_aranges
                0x0000000000000820       0x78 ./Drivers/STM32L0xx_HAL_Driver/Src/stm32l0xx_ll_usart.o
 .debug_aranges
                0x0000000000000898       0xf0 ./Drivers/STM32L0xx_HAL_Driver/Src/stm32l0xx_ll_utils.o

.debug_ranges   0x0000000000000000      0x860
 .debug_ranges  0x0000000000000000       0x40 ./Core/Src/AnalogIn.o
 .debug_ranges  0x0000000000000040       0x48 ./Core/Src/AnalogOut.o
 .debug_ranges  0x0000000000000088       0x18 ./Core/Src/RCFilter.o
 .debug_ranges  0x00000000000000a0       0x38 ./Core/Src/led.o
 .debug_ranges  0x00000000000000d8      0x198 ./Core/Src/main.o
 .debug_ranges  0x0000000000000270       0x40 ./Core/Src/serial.o
 .debug_ranges  0x00000000000002b0       0x60 ./Core/Src/shell.o
 .debug_ranges  0x0000000000000310       0x50 ./Core/Src/stm32l0xx_it.o
 .debug_ranges  0x0000000000000360       0x10 ./Core/Src/sysmem.o
 .debug_ranges  0x0000000000000370       0x18 ./Core/Src/system_stm32l0xx.o
 .debug_ranges  0x0000000000000388       0x28 ./Core/Src/timebase.o
 .debug_ranges  0x00000000000003b0       0x20 ./Core/Startup/startup_stm32l021k4tx.o
 .debug_ranges  0x00000000000003d0       0x98 ./Drivers/STM32L0xx_HAL_Driver/Src/stm32l0xx_ll_adc.o
 .debug_ranges  0x0000000000000468       0x60 ./Drivers/STM32L0xx_HAL_Driver/Src/stm32l0xx_ll_gpio.o
 .debug_ranges  0x00000000000004c8      0x120 ./Drivers/STM32L0xx_HAL_Driver/Src/stm32l0xx_ll_rcc.o
 .debug_ranges  0x00000000000005e8       0x40 ./Drivers/STM32L0xx_HAL_Driver/Src/stm32l0xx_ll_spi.o
 .debug_ranges  0x0000000000000628       0xf0 ./Drivers/STM32L0xx_HAL_Driver/Src/stm32l0xx_ll_tim.o
 .debug_ranges  0x0000000000000718       0x68 ./Drivers/STM32L0xx_HAL_Driver/Src/stm32l0xx_ll_usart.o
 .debug_ranges  0x0000000000000780       0xe0 ./Drivers/STM32L0xx_HAL_Driver/Src/stm32l0xx_ll_utils.o

.debug_macro    0x0000000000000000     0xe6e6
 .debug_macro   0x0000000000000000      0x152 ./Core/Src/AnalogIn.o
 .debug_macro   0x0000000000000152      0xac0 ./Core/Src/AnalogIn.o
 .debug_macro   0x0000000000000c12       0x2e ./Core/Src/AnalogIn.o
 .debug_macro   0x0000000000000c40       0x28 ./Core/Src/AnalogIn.o
 .debug_macro   0x0000000000000c68       0x22 ./Core/Src/AnalogIn.o
 .debug_macro   0x0000000000000c8a       0x8e ./Core/Src/AnalogIn.o
 .debug_macro   0x0000000000000d18       0x51 ./Core/Src/AnalogIn.o
 .debug_macro   0x0000000000000d69      0x103 ./Core/Src/AnalogIn.o
 .debug_macro   0x0000000000000e6c       0x6a ./Core/Src/AnalogIn.o
 .debug_macro   0x0000000000000ed6      0x1df ./Core/Src/AnalogIn.o
 .debug_macro   0x00000000000010b5       0x1c ./Core/Src/AnalogIn.o
 .debug_macro   0x00000000000010d1       0x22 ./Core/Src/AnalogIn.o
 .debug_macro   0x00000000000010f3       0xb5 ./Core/Src/AnalogIn.o
 .debug_macro   0x00000000000011a8      0x3ad ./Core/Src/AnalogIn.o
 .debug_macro   0x0000000000001555     0x7e04 ./Core/Src/AnalogIn.o
 .debug_macro   0x0000000000009359       0x66 ./Core/Src/AnalogIn.o
 .debug_macro   0x00000000000093bf      0x6bf ./Core/Src/AnalogIn.o
 .debug_macro   0x0000000000009a7e      0x3b4 ./Core/Src/AnalogIn.o
 .debug_macro   0x0000000000009e32       0xad ./Core/Src/AnalogIn.o
 .debug_macro   0x0000000000009edf      0x13d ./Core/Src/AnalogIn.o
 .debug_macro   0x000000000000a01c      0x109 ./Core/Src/AnalogIn.o
 .debug_macro   0x000000000000a125       0x16 ./Core/Src/AnalogIn.o
 .debug_macro   0x000000000000a13b       0x2a ./Core/Src/AnalogIn.o
 .debug_macro   0x000000000000a165       0xdb ./Core/Src/AnalogIn.o
 .debug_macro   0x000000000000a240      0x285 ./Core/Src/AnalogIn.o
 .debug_macro   0x000000000000a4c5      0x124 ./Core/Src/AnalogIn.o
 .debug_macro   0x000000000000a5e9      0x545 ./Core/Src/AnalogIn.o
 .debug_macro   0x000000000000ab2e      0x30c ./Core/Src/AnalogIn.o
 .debug_macro   0x000000000000ae3a      0x12d ./Core/Src/AnalogIn.o
 .debug_macro   0x000000000000af67       0x46 ./Core/Src/AnalogIn.o
 .debug_macro   0x000000000000afad      0x158 ./Core/Src/AnalogOut.o
 .debug_macro   0x000000000000b105      0x158 ./Core/Src/RCFilter.o
 .debug_macro   0x000000000000b25d      0x2ba ./Core/Src/led.o
 .debug_macro   0x000000000000b517       0x4c ./Core/Src/led.o
 .debug_macro   0x000000000000b563       0x18 ./Core/Src/led.o
 .debug_macro   0x000000000000b57b       0x94 ./Core/Src/led.o
 .debug_macro   0x000000000000b60f       0x3c ./Core/Src/led.o
 .debug_macro   0x000000000000b64b       0x34 ./Core/Src/led.o
 .debug_macro   0x000000000000b67f       0x16 ./Core/Src/led.o
 .debug_macro   0x000000000000b695       0x57 ./Core/Src/led.o
 .debug_macro   0x000000000000b6ec       0x97 ./Core/Src/led.o
 .debug_macro   0x000000000000b783      0x339 ./Core/Src/led.o
 .debug_macro   0x000000000000babc       0xfd ./Core/Src/led.o
 .debug_macro   0x000000000000bbb9       0x10 ./Core/Src/led.o
 .debug_macro   0x000000000000bbc9       0x16 ./Core/Src/led.o
 .debug_macro   0x000000000000bbdf       0x43 ./Core/Src/led.o
 .debug_macro   0x000000000000bc22       0x34 ./Core/Src/led.o
 .debug_macro   0x000000000000bc56       0x10 ./Core/Src/led.o
 .debug_macro   0x000000000000bc66       0x58 ./Core/Src/led.o
 .debug_macro   0x000000000000bcbe       0x71 ./Core/Src/led.o
 .debug_macro   0x000000000000bd2f       0x1c ./Core/Src/led.o
 .debug_macro   0x000000000000bd4b      0x12a ./Core/Src/led.o
 .debug_macro   0x000000000000be75       0x10 ./Core/Src/led.o
 .debug_macro   0x000000000000be85       0x1c ./Core/Src/led.o
 .debug_macro   0x000000000000bea1       0x52 ./Core/Src/led.o
 .debug_macro   0x000000000000bef3       0x22 ./Core/Src/led.o
 .debug_macro   0x000000000000bf15       0x10 ./Core/Src/led.o
 .debug_macro   0x000000000000bf25       0x40 ./Core/Src/led.o
 .debug_macro   0x000000000000bf65       0xd5 ./Core/Src/led.o
 .debug_macro   0x000000000000c03a       0x1c ./Core/Src/led.o
 .debug_macro   0x000000000000c056       0x3d ./Core/Src/led.o
 .debug_macro   0x000000000000c093       0x16 ./Core/Src/led.o
 .debug_macro   0x000000000000c0a9      0x145 ./Core/Src/led.o
 .debug_macro   0x000000000000c1ee       0xaf ./Core/Src/led.o
 .debug_macro   0x000000000000c29d      0x18b ./Core/Src/main.o
 .debug_macro   0x000000000000c428       0x4c ./Core/Src/main.o
 .debug_macro   0x000000000000c474      0x15c ./Core/Src/serial.o
 .debug_macro   0x000000000000c5d0      0x313 ./Core/Src/shell.o
 .debug_macro   0x000000000000c8e3       0x46 ./Core/Src/shell.o
 .debug_macro   0x000000000000c929       0x52 ./Core/Src/shell.o
 .debug_macro   0x000000000000c97b       0x16 ./Core/Src/shell.o
 .debug_macro   0x000000000000c991       0x35 ./Core/Src/shell.o
 .debug_macro   0x000000000000c9c6       0x16 ./Core/Src/shell.o
 .debug_macro   0x000000000000c9dc       0x29 ./Core/Src/shell.o
 .debug_macro   0x000000000000ca05      0x187 ./Core/Src/stm32l0xx_it.o
 .debug_macro   0x000000000000cb8c       0xff ./Core/Src/sysmem.o
 .debug_macro   0x000000000000cc8b      0x23b ./Core/Src/sysmem.o
 .debug_macro   0x000000000000cec6       0xba ./Core/Src/system_stm32l0xx.o
 .debug_macro   0x000000000000cf80      0x152 ./Core/Src/timebase.o
 .debug_macro   0x000000000000d0d2      0x131 ./Drivers/STM32L0xx_HAL_Driver/Src/stm32l0xx_ll_adc.o
 .debug_macro   0x000000000000d203       0xfc ./Drivers/STM32L0xx_HAL_Driver/Src/stm32l0xx_ll_gpio.o
 .debug_macro   0x000000000000d2ff      0x127 ./Drivers/STM32L0xx_HAL_Driver/Src/stm32l0xx_ll_gpio.o
 .debug_macro   0x000000000000d426       0xe7 ./Drivers/STM32L0xx_HAL_Driver/Src/stm32l0xx_ll_rcc.o
 .debug_macro   0x000000000000d50d      0x3ae ./Drivers/STM32L0xx_HAL_Driver/Src/stm32l0xx_ll_rcc.o
 .debug_macro   0x000000000000d8bb      0x123 ./Drivers/STM32L0xx_HAL_Driver/Src/stm32l0xx_ll_spi.o
 .debug_macro   0x000000000000d9de      0x11e ./Drivers/STM32L0xx_HAL_Driver/Src/stm32l0xx_ll_spi.o
 .debug_macro   0x000000000000dafc      0x11a ./Drivers/STM32L0xx_HAL_Driver/Src/stm32l0xx_ll_tim.o
 .debug_macro   0x000000000000dc16      0x53f ./Drivers/STM32L0xx_HAL_Driver/Src/stm32l0xx_ll_tim.o
 .debug_macro   0x000000000000e155      0x129 ./Drivers/STM32L0xx_HAL_Driver/Src/stm32l0xx_ll_usart.o
 .debug_macro   0x000000000000e27e      0x306 ./Drivers/STM32L0xx_HAL_Driver/Src/stm32l0xx_ll_usart.o
 .debug_macro   0x000000000000e584      0x162 ./Drivers/STM32L0xx_HAL_Driver/Src/stm32l0xx_ll_utils.o

.debug_line     0x0000000000000000     0x8cb7
 .debug_line    0x0000000000000000      0x684 ./Core/Src/AnalogIn.o
 .debug_line    0x0000000000000684      0x702 ./Core/Src/AnalogOut.o
 .debug_line    0x0000000000000d86      0x632 ./Core/Src/RCFilter.o
 .debug_line    0x00000000000013b8      0x85d ./Core/Src/led.o
 .debug_line    0x0000000000001c15      0xefe ./Core/Src/main.o
 .debug_line    0x0000000000002b13      0x6e6 ./Core/Src/serial.o
 .debug_line    0x00000000000031f9      0xcc6 ./Core/Src/shell.o
 .debug_line    0x0000000000003ebf      0x6e4 ./Core/Src/stm32l0xx_it.o
 .debug_line    0x00000000000045a3      0x4f8 ./Core/Src/sysmem.o
 .debug_line    0x0000000000004a9b      0x516 ./Core/Src/system_stm32l0xx.o
 .debug_line    0x0000000000004fb1      0x625 ./Core/Src/timebase.o
 .debug_line    0x00000000000055d6       0x9b ./Core/Startup/startup_stm32l021k4tx.o
 .debug_line    0x0000000000005671      0x725 ./Drivers/STM32L0xx_HAL_Driver/Src/stm32l0xx_ll_adc.o
 .debug_line    0x0000000000005d96      0x636 ./Drivers/STM32L0xx_HAL_Driver/Src/stm32l0xx_ll_gpio.o
 .debug_line    0x00000000000063cc      0xa56 ./Drivers/STM32L0xx_HAL_Driver/Src/stm32l0xx_ll_rcc.o
 .debug_line    0x0000000000006e22      0x5bd ./Drivers/STM32L0xx_HAL_Driver/Src/stm32l0xx_ll_spi.o
 .debug_line    0x00000000000073df      0x90e ./Drivers/STM32L0xx_HAL_Driver/Src/stm32l0xx_ll_tim.o
 .debug_line    0x0000000000007ced      0x691 ./Drivers/STM32L0xx_HAL_Driver/Src/stm32l0xx_ll_usart.o
 .debug_line    0x000000000000837e      0x939 ./Drivers/STM32L0xx_HAL_Driver/Src/stm32l0xx_ll_utils.o

.debug_str      0x0000000000000000    0x4801f
 .debug_str     0x0000000000000000    0x3e31a ./Core/Src/AnalogIn.o
                                      0x3e55d (size before relaxing)
 .debug_str     0x000000000003e31a      0x17d ./Core/Src/AnalogOut.o
                                      0x3e5d9 (size before relaxing)
 .debug_str     0x000000000003e497       0xae ./Core/Src/RCFilter.o
                                      0x3e50f (size before relaxing)
 .debug_str     0x000000000003e545     0x4416 ./Core/Src/led.o
                                      0x4295f (size before relaxing)
 .debug_str     0x000000000004295b      0xb8b ./Core/Src/main.o
                                      0x3f2bc (size before relaxing)
 .debug_str     0x00000000000434e6       0xb0 ./Core/Src/serial.o
                                      0x3e54a (size before relaxing)
 .debug_str     0x0000000000043596      0x182 ./Core/Src/shell.o
                                      0x42c93 (size before relaxing)
 .debug_str     0x0000000000043718       0xb1 ./Core/Src/stm32l0xx_it.o
                                      0x3e774 (size before relaxing)
 .debug_str     0x00000000000437c9      0x4e9 ./Core/Src/sysmem.o
                                       0x62c2 (size before relaxing)
 .debug_str     0x0000000000043cb2       0x61 ./Core/Src/system_stm32l0xx.o
                                      0x3125a (size before relaxing)
 .debug_str     0x0000000000043d13       0x57 ./Core/Src/timebase.o
                                      0x3e514 (size before relaxing)
 .debug_str     0x0000000000043d6a       0x36 ./Core/Startup/startup_stm32l021k4tx.o
                                         0xa4 (size before relaxing)
 .debug_str     0x0000000000043da0      0xe6f ./Drivers/STM32L0xx_HAL_Driver/Src/stm32l0xx_ll_adc.o
                                      0x36ce1 (size before relaxing)
 .debug_str     0x0000000000044c0f      0x546 ./Drivers/STM32L0xx_HAL_Driver/Src/stm32l0xx_ll_gpio.o
                                      0x323a5 (size before relaxing)
 .debug_str     0x0000000000045155      0x534 ./Drivers/STM32L0xx_HAL_Driver/Src/stm32l0xx_ll_rcc.o
                                      0x3306f (size before relaxing)
 .debug_str     0x0000000000045689      0x750 ./Drivers/STM32L0xx_HAL_Driver/Src/stm32l0xx_ll_spi.o
                                      0x33de7 (size before relaxing)
 .debug_str     0x0000000000045dd9      0xd82 ./Drivers/STM32L0xx_HAL_Driver/Src/stm32l0xx_ll_tim.o
                                      0x34ff9 (size before relaxing)
 .debug_str     0x0000000000046b5b      0x7f4 ./Drivers/STM32L0xx_HAL_Driver/Src/stm32l0xx_ll_usart.o
                                      0x3496a (size before relaxing)
 .debug_str     0x000000000004734f      0xcd0 ./Drivers/STM32L0xx_HAL_Driver/Src/stm32l0xx_ll_utils.o
                                      0x34796 (size before relaxing)

.comment        0x0000000000000000       0x53
 .comment       0x0000000000000000       0x53 ./Core/Src/AnalogIn.o
                                         0x54 (size before relaxing)
 .comment       0x0000000000000053       0x54 ./Core/Src/AnalogOut.o
 .comment       0x0000000000000053       0x54 ./Core/Src/RCFilter.o
 .comment       0x0000000000000053       0x54 ./Core/Src/led.o
 .comment       0x0000000000000053       0x54 ./Core/Src/main.o
 .comment       0x0000000000000053       0x54 ./Core/Src/serial.o
 .comment       0x0000000000000053       0x54 ./Core/Src/shell.o
 .comment       0x0000000000000053       0x54 ./Core/Src/stm32l0xx_it.o
 .comment       0x0000000000000053       0x54 ./Core/Src/sysmem.o
 .comment       0x0000000000000053       0x54 ./Core/Src/system_stm32l0xx.o
 .comment       0x0000000000000053       0x54 ./Core/Src/timebase.o
 .comment       0x0000000000000053       0x54 ./Drivers/STM32L0xx_HAL_Driver/Src/stm32l0xx_ll_adc.o
 .comment       0x0000000000000053       0x54 ./Drivers/STM32L0xx_HAL_Driver/Src/stm32l0xx_ll_gpio.o
 .comment       0x0000000000000053       0x54 ./Drivers/STM32L0xx_HAL_Driver/Src/stm32l0xx_ll_rcc.o
 .comment       0x0000000000000053       0x54 ./Drivers/STM32L0xx_HAL_Driver/Src/stm32l0xx_ll_spi.o
 .comment       0x0000000000000053       0x54 ./Drivers/STM32L0xx_HAL_Driver/Src/stm32l0xx_ll_tim.o
 .comment       0x0000000000000053       0x54 ./Drivers/STM32L0xx_HAL_Driver/Src/stm32l0xx_ll_usart.o
 .comment       0x0000000000000053       0x54 ./Drivers/STM32L0xx_HAL_Driver/Src/stm32l0xx_ll_utils.o

.debug_frame    0x0000000000000000     0x2400
 .debug_frame   0x0000000000000000       0xe4 ./Core/Src/AnalogIn.o
 .debug_frame   0x00000000000000e4      0x108 ./Core/Src/AnalogOut.o
 .debug_frame   0x00000000000001ec       0x54 ./Core/Src/RCFilter.o
 .debug_frame   0x0000000000000240       0xc8 ./Core/Src/led.o
 .debug_frame   0x0000000000000308      0x634 ./Core/Src/main.o
 .debug_frame   0x000000000000093c       0xe8 ./Core/Src/serial.o
 .debug_frame   0x0000000000000a24      0x184 ./Core/Src/shell.o
 .debug_frame   0x0000000000000ba8      0x114 ./Core/Src/stm32l0xx_it.o
 .debug_frame   0x0000000000000cbc       0x30 ./Core/Src/sysmem.o
 .debug_frame   0x0000000000000cec       0x4c ./Core/Src/system_stm32l0xx.o
 .debug_frame   0x0000000000000d38       0x8c ./Core/Src/timebase.o
 .debug_frame   0x0000000000000dc4      0x250 ./Drivers/STM32L0xx_HAL_Driver/Src/stm32l0xx_ll_adc.o
 .debug_frame   0x0000000000001014      0x170 ./Drivers/STM32L0xx_HAL_Driver/Src/stm32l0xx_ll_gpio.o
 .debug_frame   0x0000000000001184      0x42c ./Drivers/STM32L0xx_HAL_Driver/Src/stm32l0xx_ll_rcc.o
 .debug_frame   0x00000000000015b0       0xf0 ./Drivers/STM32L0xx_HAL_Driver/Src/stm32l0xx_ll_spi.o
 .debug_frame   0x00000000000016a0      0x3b0 ./Drivers/STM32L0xx_HAL_Driver/Src/stm32l0xx_ll_tim.o
 .debug_frame   0x0000000000001a50      0x190 ./Drivers/STM32L0xx_HAL_Driver/Src/stm32l0xx_ll_usart.o
 .debug_frame   0x0000000000001be0      0x344 ./Drivers/STM32L0xx_HAL_Driver/Src/stm32l0xx_ll_utils.o
 .debug_frame   0x0000000000001f24       0x40 c:/st/stm32cubeide_1.8.0/stm32cubeide/plugins/com.st.stm32cube.ide.mcu.externaltools.gnu-tools-for-stm32.9-2020-q2-update.win32_2.0.0.202105311346/tools/bin/../lib/gcc/arm-none-eabi/9.3.1/../../../../arm-none-eabi/lib/thumb/v6-m/nofp\libc_nano.a(lib_a-atoi.o)
 .debug_frame   0x0000000000001f64       0x20 c:/st/stm32cubeide_1.8.0/stm32cubeide/plugins/com.st.stm32cube.ide.mcu.externaltools.gnu-tools-for-stm32.9-2020-q2-update.win32_2.0.0.202105311346/tools/bin/../lib/gcc/arm-none-eabi/9.3.1/../../../../arm-none-eabi/lib/thumb/v6-m/nofp\libc_nano.a(lib_a-errno.o)
 .debug_frame   0x0000000000001f84       0x2c c:/st/stm32cubeide_1.8.0/stm32cubeide/plugins/com.st.stm32cube.ide.mcu.externaltools.gnu-tools-for-stm32.9-2020-q2-update.win32_2.0.0.202105311346/tools/bin/../lib/gcc/arm-none-eabi/9.3.1/../../../../arm-none-eabi/lib/thumb/v6-m/nofp\libc_nano.a(lib_a-init.o)
 .debug_frame   0x0000000000001fb0       0x20 c:/st/stm32cubeide_1.8.0/stm32cubeide/plugins/com.st.stm32cube.ide.mcu.externaltools.gnu-tools-for-stm32.9-2020-q2-update.win32_2.0.0.202105311346/tools/bin/../lib/gcc/arm-none-eabi/9.3.1/../../../../arm-none-eabi/lib/thumb/v6-m/nofp\libc_nano.a(lib_a-memset.o)
 .debug_frame   0x0000000000001fd0       0x50 c:/st/stm32cubeide_1.8.0/stm32cubeide/plugins/com.st.stm32cube.ide.mcu.externaltools.gnu-tools-for-stm32.9-2020-q2-update.win32_2.0.0.202105311346/tools/bin/../lib/gcc/arm-none-eabi/9.3.1/../../../../arm-none-eabi/lib/thumb/v6-m/nofp\libc_nano.a(lib_a-snprintf.o)
 .debug_frame   0x0000000000002020       0x78 c:/st/stm32cubeide_1.8.0/stm32cubeide/plugins/com.st.stm32cube.ide.mcu.externaltools.gnu-tools-for-stm32.9-2020-q2-update.win32_2.0.0.202105311346/tools/bin/../lib/gcc/arm-none-eabi/9.3.1/../../../../arm-none-eabi/lib/thumb/v6-m/nofp\libc_nano.a(lib_a-strtol.o)
 .debug_frame   0x0000000000002098       0x74 c:/st/stm32cubeide_1.8.0/stm32cubeide/plugins/com.st.stm32cube.ide.mcu.externaltools.gnu-tools-for-stm32.9-2020-q2-update.win32_2.0.0.202105311346/tools/bin/../lib/gcc/arm-none-eabi/9.3.1/../../../../arm-none-eabi/lib/thumb/v6-m/nofp\libc_nano.a(lib_a-nano-svfprintf.o)
 .debug_frame   0x000000000000210c       0x54 c:/st/stm32cubeide_1.8.0/stm32cubeide/plugins/com.st.stm32cube.ide.mcu.externaltools.gnu-tools-for-stm32.9-2020-q2-update.win32_2.0.0.202105311346/tools/bin/../lib/gcc/arm-none-eabi/9.3.1/../../../../arm-none-eabi/lib/thumb/v6-m/nofp\libc_nano.a(lib_a-nano-vfprintf_i.o)
 .debug_frame   0x0000000000002160       0x20 c:/st/stm32cubeide_1.8.0/stm32cubeide/plugins/com.st.stm32cube.ide.mcu.externaltools.gnu-tools-for-stm32.9-2020-q2-update.win32_2.0.0.202105311346/tools/bin/../lib/gcc/arm-none-eabi/9.3.1/../../../../arm-none-eabi/lib/thumb/v6-m/nofp\libc_nano.a(lib_a-memchr-stub.o)
 .debug_frame   0x0000000000002180       0x28 c:/st/stm32cubeide_1.8.0/stm32cubeide/plugins/com.st.stm32cube.ide.mcu.externaltools.gnu-tools-for-stm32.9-2020-q2-update.win32_2.0.0.202105311346/tools/bin/../lib/gcc/arm-none-eabi/9.3.1/../../../../arm-none-eabi/lib/thumb/v6-m/nofp\libc_nano.a(lib_a-memcpy-stub.o)
 .debug_frame   0x00000000000021a8       0x28 c:/st/stm32cubeide_1.8.0/stm32cubeide/plugins/com.st.stm32cube.ide.mcu.externaltools.gnu-tools-for-stm32.9-2020-q2-update.win32_2.0.0.202105311346/tools/bin/../lib/gcc/arm-none-eabi/9.3.1/../../../../arm-none-eabi/lib/thumb/v6-m/nofp\libc_nano.a(lib_a-memmove.o)
 .debug_frame   0x00000000000021d0       0x2c c:/st/stm32cubeide_1.8.0/stm32cubeide/plugins/com.st.stm32cube.ide.mcu.externaltools.gnu-tools-for-stm32.9-2020-q2-update.win32_2.0.0.202105311346/tools/bin/../lib/gcc/arm-none-eabi/9.3.1/../../../../arm-none-eabi/lib/thumb/v6-m/nofp\libc_nano.a(lib_a-nano-freer.o)
 .debug_frame   0x00000000000021fc       0x30 c:/st/stm32cubeide_1.8.0/stm32cubeide/plugins/com.st.stm32cube.ide.mcu.externaltools.gnu-tools-for-stm32.9-2020-q2-update.win32_2.0.0.202105311346/tools/bin/../lib/gcc/arm-none-eabi/9.3.1/../../../../arm-none-eabi/lib/thumb/v6-m/nofp\libc_nano.a(lib_a-nano-mallocr.o)
 .debug_frame   0x000000000000222c       0x30 c:/st/stm32cubeide_1.8.0/stm32cubeide/plugins/com.st.stm32cube.ide.mcu.externaltools.gnu-tools-for-stm32.9-2020-q2-update.win32_2.0.0.202105311346/tools/bin/../lib/gcc/arm-none-eabi/9.3.1/../../../../arm-none-eabi/lib/thumb/v6-m/nofp\libc_nano.a(lib_a-nano-reallocr.o)
 .debug_frame   0x000000000000225c       0x2c c:/st/stm32cubeide_1.8.0/stm32cubeide/plugins/com.st.stm32cube.ide.mcu.externaltools.gnu-tools-for-stm32.9-2020-q2-update.win32_2.0.0.202105311346/tools/bin/../lib/gcc/arm-none-eabi/9.3.1/../../../../arm-none-eabi/lib/thumb/v6-m/nofp\libc_nano.a(lib_a-sbrkr.o)
 .debug_frame   0x0000000000002288       0x40 c:/st/stm32cubeide_1.8.0/stm32cubeide/plugins/com.st.stm32cube.ide.mcu.externaltools.gnu-tools-for-stm32.9-2020-q2-update.win32_2.0.0.202105311346/tools/bin/../lib/gcc/arm-none-eabi/9.3.1/../../../../arm-none-eabi/lib/thumb/v6-m/nofp\libc_nano.a(lib_a-mlock.o)
 .debug_frame   0x00000000000022c8       0x20 c:/st/stm32cubeide_1.8.0/stm32cubeide/plugins/com.st.stm32cube.ide.mcu.externaltools.gnu-tools-for-stm32.9-2020-q2-update.win32_2.0.0.202105311346/tools/bin/../lib/gcc/arm-none-eabi/9.3.1/../../../../arm-none-eabi/lib/thumb/v6-m/nofp\libc_nano.a(lib_a-nano-msizer.o)
 .debug_frame   0x00000000000022e8       0x48 c:/st/stm32cubeide_1.8.0/stm32cubeide/plugins/com.st.stm32cube.ide.mcu.externaltools.gnu-tools-for-stm32.9-2020-q2-update.win32_2.0.0.202105311346/tools/bin/../lib/gcc/arm-none-eabi/9.3.1/../../../../arm-none-eabi/lib/thumb/v6-m/nofp\libc_nano.a(lib_a-reent.o)
 .debug_frame   0x0000000000002330       0xb0 c:/st/stm32cubeide_1.8.0/stm32cubeide/plugins/com.st.stm32cube.ide.mcu.externaltools.gnu-tools-for-stm32.9-2020-q2-update.win32_2.0.0.202105311346/tools/bin/../lib/gcc/arm-none-eabi/9.3.1/../../../../arm-none-eabi/lib/thumb/v6-m/nofp\libc_nano.a(lib_a-lock.o)
 .debug_frame   0x00000000000023e0       0x20 c:/st/stm32cubeide_1.8.0/stm32cubeide/plugins/com.st.stm32cube.ide.mcu.externaltools.gnu-tools-for-stm32.9-2020-q2-update.win32_2.0.0.202105311346/tools/bin/../lib/gcc/arm-none-eabi/9.3.1/thumb/v6-m/nofp\libgcc.a(_udivsi3.o)
