core_cm0plus.h:741:22:__NVIC_EnableIRQ	16	static
core_cm0plus.h:848:22:__NVIC_SetPriority	24	static
stm32l0xx_ll_adc.h:1738:22:LL_ADC_SetCommonFrequencyMode	16	static
stm32l0xx_ll_adc.h:2154:22:LL_ADC_SetSamplingTimeCommonChannels	16	static
stm32l0xx_ll_adc.h:2342:22:LL_ADC_REG_SetSequencerScanDirection	16	static
stm32l0xx_ll_adc.h:2548:22:LL_ADC_REG_SetSequencerChAdd	16	static
stm32l0xx_ll_adc.h:3138:22:LL_ADC_SetOverSamplingScope	16	static
stm32l0xx_ll_adc.h:3306:22:LL_ADC_EnableInternalRegulator	16	static
stm32l0xx_ll_adc.h:3880:22:LL_ADC_DisableIT_EOC	16	static
stm32l0xx_ll_adc.h:3891:22:LL_ADC_DisableIT_EOS	16	static
stm32l0xx_ll_rcc.h:782:22:LL_RCC_HSI_Enable	8	static
stm32l0xx_ll_rcc.h:802:26:LL_RCC_HSI_IsReady	8	static
stm32l0xx_ll_rcc.h:893:22:LL_RCC_HSI_SetCalibTrimming	16	static
stm32l0xx_ll_rcc.h:1275:22:LL_RCC_SetSysClkSource	16	static
stm32l0xx_ll_rcc.h:1289:26:LL_RCC_GetSysClkSource	8	static
stm32l0xx_ll_rcc.h:1309:22:LL_RCC_SetAHBPrescaler	16	static
stm32l0xx_ll_rcc.h:1325:22:LL_RCC_SetAPB1Prescaler	16	static
stm32l0xx_ll_rcc.h:1341:22:LL_RCC_SetAPB2Prescaler	16	static
stm32l0xx_ll_rcc.h:1481:22:LL_RCC_SetUSARTClockSource	16	static
stm32l0xx_ll_rcc.h:1784:22:LL_RCC_PLL_Enable	8	static
stm32l0xx_ll_rcc.h:1805:26:LL_RCC_PLL_IsReady	8	static
stm32l0xx_ll_rcc.h:1834:22:LL_RCC_PLL_ConfigDomain_SYS	24	static
stm32l0xx_ll_bus.h:440:22:LL_APB1_GRP1_EnableClock	24	static
stm32l0xx_ll_bus.h:786:22:LL_APB2_GRP1_EnableClock	24	static
stm32l0xx_ll_bus.h:987:22:LL_IOP_GRP1_EnableClock	24	static
stm32l0xx_ll_system.h:912:22:LL_FLASH_SetLatency	16	static
stm32l0xx_ll_system.h:924:26:LL_FLASH_GetLatency	8	static
stm32l0xx_ll_pwr.h:272:22:LL_PWR_SetRegulVoltageScaling	16	static
stm32l0xx_ll_spi.h:366:22:LL_SPI_SetStandard	16	static
stm32l0xx_ll_tim.h:1090:22:LL_TIM_EnableARRPreload	16	static
stm32l0xx_ll_tim.h:1101:22:LL_TIM_DisableARRPreload	16	static
stm32l0xx_ll_tim.h:1511:22:LL_TIM_OC_DisableFast	24	static
stm32l0xx_ll_tim.h:1555:22:LL_TIM_OC_EnablePreload	24	static
stm32l0xx_ll_tim.h:1576:22:LL_TIM_OC_DisablePreload	24	static
stm32l0xx_ll_tim.h:2228:22:LL_TIM_SetClockSource	16	static
stm32l0xx_ll_tim.h:2274:22:LL_TIM_SetTriggerOutput	16	static
stm32l0xx_ll_tim.h:2340:22:LL_TIM_DisableMasterSlaveMode	16	static
stm32l0xx_ll_usart.h:536:22:LL_USART_Enable	16	static
stm32l0xx_ll_usart.h:2288:22:LL_USART_ConfigAsyncMode	16	static
stm32l0xx_ll_gpio.h:873:22:LL_GPIO_ResetOutputPin	16	static
main.c:64:5:main	24	static
main.c:132:6:SystemClock_Config	8	static
main.c:177:13:MX_ADC_Init	80	static
main.c:252:13:MX_SPI1_Init	80	static
main.c:323:13:MX_TIM2_Init	72	static
main.c:380:13:MX_TIM21_Init	24	static
main.c:419:13:MX_USART2_UART_Init	72	static
main.c:478:13:MX_GPIO_Init	32	static
main.c:517:6:Error_Handler	8	static,ignoring_inline_asm
